{
  "id": "tempWorldView2ESA",
  "decodeQualification": "INTENDED",
  "expectedContent": {
    "sceneWidth": 839,
    "sceneHeight": 601,
    "startTime": "25-MAY-2011 09:53:46.069632",
    "endTime": "25-MAY-2011 09:53:46.069632",
    "geoCoding": {
      "coordinates": [
        {
          "x": 361.0,
          "y": 323.0,
          "lat": 44.50074536603779,
          "lon": 23.77905360215082
        },
        {
          "x": 622.0,
          "y": 389.0,
          "lat": 44.50049989671353,
          "lon": 23.78002432175133
        }
      ],
      "reverseAccuracy": 1.862645149230957E-9
    },
    "bands": [
      {
        "name": "Pan",
        "description": "",
        "bandWidth": 839,
        "bandHeight": 601,
        "noDataValue": "NaN",
        "noDataValueUsed": "true",
        "spectralWavelength": "625.0",
        "spectralBandwidth": "0.0",
        "expectedPixels": [
          {
            "x": 43,
            "y": 107,
            "value": 64.24551
          },
          {
            "x": 574,
            "y": 511,
            "value": 81.80328
          }
        ]
      },
      {
        "name": "Coastal",
        "description": "",
        "bandWidth": 839,
        "bandHeight": 601,
        "noDataValue": "NaN",
        "noDataValueUsed": "true",
        "spectralWavelength": "427.0",
        "spectralBandwidth": "0.0",
        "expectedPixels": [
          {
            "x": 244,
            "y": 154,
            "value": 90.99129
          },
          {
            "x": 512,
            "y": 219,
            "value": 87.84688
          }
        ]
      },
      {
        "name": "Blue",
        "description": "",
        "bandWidth": 839,
        "bandHeight": 601,
        "noDataValue": "NaN",
        "noDataValueUsed": "true",
        "spectralWavelength": "478.0",
        "spectralBandwidth": "0.0",
        "expectedPixels": [
          {
            "x": 461,
            "y": 447,
            "value": 137.62708
          },
          {
            "x": 510,
            "y": 558,
            "value": 92.95576
          }
        ]
      },
      {
        "name": "Green",
        "description": "",
        "bandWidth": 839,
        "bandHeight": 601,
        "noDataValue": "NaN",
        "noDataValueUsed": "true",
        "spectralWavelength": "546.0",
        "spectralBandwidth": "0.0",
        "expectedPixels": [
          {
            "x": 132,
            "y": 400,
            "value": 82.501434
          },
          {
            "x": 435,
            "y": 549,
            "value": 138.5851
          }
        ]
      },
      {
        "name": "Yellow",
        "description": "",
        "bandWidth": 839,
        "bandHeight": 601,
        "noDataValue": "NaN",
        "noDataValueUsed": "true",
        "spectralWavelength": "608.0",
        "spectralBandwidth": "0.0",
        "expectedPixels": [
          {
            "x": 634,
            "y": 291,
            "value": 60.82299
          },
          {
            "x": 797,
            "y": 292,
            "value": 67.56087
          }
        ]
      },
      {
        "name": "Red",
        "description": "",
        "bandWidth": 839,
        "bandHeight": 601,
        "noDataValue": "NaN",
        "noDataValueUsed": "true",
        "spectralWavelength": "659.0",
        "spectralBandwidth": "0.0",
        "expectedPixels": [
          {
            "x": 285,
            "y": 540,
            "value": 101.297005
          },
          {
            "x": 8,
            "y": 282,
            "value": "NaN"
          }
        ]
      },
      {
        "name": "Red Edge",
        "description": "",
        "bandWidth": 839,
        "bandHeight": 601,
        "noDataValue": "NaN",
        "noDataValueUsed": "true",
        "spectralWavelength": "724.0",
        "spectralBandwidth": "0.0",
        "expectedPixels": [
          {
            "x": 274,
            "y": 118,
            "value": 80.99621
          },
          {
            "x": 229,
            "y": 25,
            "value": 75.442184
          }
        ]
      },
      {
        "name": "NIR1",
        "description": "",
        "bandWidth": 839,
        "bandHeight": 601,
        "noDataValue": "NaN",
        "noDataValueUsed": "true",
        "spectralWavelength": "831.0",
        "spectralBandwidth": "0.0",
        "expectedPixels": [
          {
            "x": 815,
            "y": 363,
            "value": 80.249794
          },
          {
            "x": 480,
            "y": 430,
            "value": 66.356415
          }
        ]
      },
      {
        "name": "NIR2",
        "description": "",
        "bandWidth": 839,
        "bandHeight": 601,
        "noDataValue": "NaN",
        "noDataValueUsed": "true",
        "spectralWavelength": "908.0",
        "spectralBandwidth": "0.0",
        "expectedPixels": [
          {
            "x": 194,
            "y": 299,
            "value": 31.320992
          },
          {
            "x": 269,
            "y": 434,
            "value": 42.21525
          }
        ]
      }
    ],
    "metadata": [
      {
        "path": "Metadata/TIL/NUMTILES",
        "value": "18"
      },
      {
        "path": "history/SubsetInfo/ProductNodeName.9",
        "value": "NIR2"

      },
      {
        "path": "history/SubsetInfo/ProductNodeName.1",
        "value": "Pan"

      },
      {
        "path": "Processing_Graph/node.2/parameters/subSamplingX",
        "value": "1"
      },
      {
        "path": "Metadata/RPB/IMAGE/HEIGHTOFFSET",
        "value": "189"
      },
      {
        "path": "Metadata/RPB/IMAGE/HEIGHTSCALE",
        "value": "500"
      },
      {
        "path": "Processing_Graph/node.3/sources/sourceProduct",
        "value": "product:Subset_WV2_OPER_WV-110__2A_20110525T095346_N44-248_E023-873_4061_resampled"
      },
      {
        "path": "Metadata/IMD/MAP_PROJECTED_PRODUCT/MAPZONE",
        "value": "34"
      }
    ]
  }
}