{
    "id": "S2MCI_L1C",
    "decodeQualification": "INTENDED",
    "expectedContent": {
        "sceneWidth": 200,
        "sceneHeight": 200,
        "startTime": "06-MAY-2019 08:16:09.024000",
        "endTime": "06-MAY-2019 08:16:09.024000",
        "geoCoding": {
            "coordinates": [
                {
                    "x": 86.0,
                    "y": 107.0,
                    "lat": 31.981097969854595,
                    "lon": 34.68457615675903
                },
                {
                    "x": 148.0,
                    "y": 129.0,
                    "lat": 31.96866589138582,
                    "lon": 34.723711625639936
                }
            ],
            "reverseAccuracy": 0.00375
        },
        "bands": [
            {
                "name": "MCI",
                "description": "Line height band",
                "bandWidth": 200,
                "bandHeight": 200,
                "geophysicalUnit": "dl",
                "noDataValue": "NaN",
                "noDataValueUsed": "true",
                "spectralWavelength": "705.0",
                "spectralBandwidth": "15.0",
                "expectedPixels": [
                    {
                        "x": 10,
                        "y": 35,
                        "value": "NaN"
                    },
                    {
                        "x": 137,
                        "y": 170,
                        "value": "NaN"
                    }
                ]
            },
            {
                "name": "MCI_slope",
                "description": "Baseline slope band",
                "bandWidth": 200,
                "bandHeight": 200,
                "geophysicalUnit": "dl nm-1",
                "noDataValue": "NaN",
                "noDataValueUsed": "true",
                "spectralWavelength": "0.0",
                "spectralBandwidth": "0.0",
                "expectedPixels": [
                    {
                        "x": 58,
                        "y": 51,
                        "value": "NaN"
                    },
                    {
                        "x": 122,
                        "y": 73,
                        "value": "NaN"
                    }
                ]
            }
        ],
        "metadata": [
            {
                "path": "Processing_Graph/node.1/parameters/clearCacheAfterRowWrite",
                "value": "false"
            },
            {
                "path": "Processing_Graph/node.1/parameters/clearCacheAfterRowWrite",
                "value": "false"
            },
            {
                "path": "Processing_Graph/node.0/parameters/invalidMciValue",
                "value": "NaN"
            },
            {
                "path": "Processing_Graph/node.1/sources/sourceProduct",
                "value": "Mci.s2"
            },
            {
                "path": "Processing_Graph/node.0/sources/sourceProduct",
                "value": "product:Subset_S2B_MSIL1C_20190506T081609_N0207_R121_T36SXA_20190506T104054_resampled"
            },
            {
                "path": "Processing_Graph/node.1/parameters/formatName",
                "value": "BEAM-DIMAP"
            },
            {
                "path": "Processing_Graph/node.0/sources/sourceProduct",
                "value": "product:Subset_S2B_MSIL1C_20190506T081609_N0207_R121_T36SXA_20190506T104054_resampled"
            },
            {
                "path": "Processing_Graph/node.0/sources/sourceProduct",
                "value": "product:Subset_S2B_MSIL1C_20190506T081609_N0207_R121_T36SXA_20190506T104054_resampled"
            },
            {
                "path": "Processing_Graph/node.0/parameters/maskExpression",
                "value": "B11<0.01  && B8<B4"
            },
            {
                "path": "Processing_Graph/node.0/parameters/upperBaselineBandName",
                "value": "B4"
            }
        ]
    }
}