{
    "id": "tempReadOpPixelSubsetSentinel2AL1C",
    "decodeQualification": "INTENDED",
    "expectedContent": {
        "sceneWidth": 4663,
        "sceneHeight": 3035,
        "startTime": "06-DEC-2016 08:03:12.026000",
        "endTime": "06-DEC-2016 08:03:12.026000",
        "geoCoding": {
            "coordinates": [
                {
                    "x": 2011.0,
                    "y": 1631.0,
                    "lat": -34.05761840149101,
                    "lon": 22.966904122788215
                },
                {
                    "x": 3462.0,
                    "y": 1969.0,
                    "lat": -34.085465269447326,
                    "lon": 23.124791471448596
                }
            ],
            "reverseAccuracy": 7.159542292356491E-8
        },
        "tiePointGrids": [
            {
                "name": "tco3",
                "description": "Total column water vapour at surface level provided by ECMWF",
                "offsetX": "0.5",
                "offsetY": "0.5",
                "subSamplingX": "1220.0",
                "subSamplingY": "1220.0",
                "expectedPixels": [
                    {
                        "x": 243,
                        "y": 540,
                        "value": 12.397989
                    },
                    {
                        "x": 3194,
                        "y": 2581,
                        "value": 12.701056
                    }
                ]
            },
            {
                "name": "tcwv",
                "description": "Total column ozone at surface level provided by ECMWF",
                "offsetX": "0.5",
                "offsetY": "0.5",
                "subSamplingX": "1220.0",
                "subSamplingY": "1220.0",
                "expectedPixels": [
                    {
                        "x": 1356,
                        "y": 779,
                        "value": 0.005749493
                    },
                    {
                        "x": 2846,
                        "y": 1108,
                        "value": 0.005750404
                    }
                ]
            },
            {
                "name": "msl",
                "description": "Mean sea level pressure at surface level provided by ECMWF",
                "offsetX": "0.5",
                "offsetY": "0.5",
                "subSamplingX": "1220.0",
                "subSamplingY": "1220.0",
                "expectedPixels": [
                    {
                        "x": 2564,
                        "y": 2262,
                        "value": 100838.27
                    },
                    {
                        "x": 2836,
                        "y": 2817,
                        "value": 100841.62
                    }
                ]
            }
        ],
        "bands": [
            {
                "name": "B1",
                "description": "Reflectance in band B1",
                "bandWidth": 777,
                "bandHeight": 506,
                "geophysicalUnit": "dl",
                "noDataValue": "0.0",
                "noDataValueUsed": "false",
                "spectralWavelength": "443.0",
                "spectralBandwidth": "58.0",
                "expectedPixels": [
                    {
                        "x": 40,
                        "y": 90,
                        "value": 0.1154
                    },
                    {
                        "x": 532,
                        "y": 430,
                        "value": 0.1251
                    }
                ]
            },
            {
                "name": "B2",
                "description": "Reflectance in band B2",
                "bandWidth": 4663,
                "bandHeight": 3035,
                "geophysicalUnit": "dl",
                "noDataValue": "0.0",
                "noDataValueUsed": "false",
                "spectralWavelength": "490.0",
                "spectralBandwidth": "130.0",
                "expectedPixels": [
                    {
                        "x": 1356,
                        "y": 779,
                        "value": 0.0916
                    },
                    {
                        "x": 2846,
                        "y": 1108,
                        "value": 0.0942
                    }
                ]
            },
            {
                "name": "B5",
                "description": "Reflectance in band B5",
                "bandWidth": 2332,
                "bandHeight": 1518,
                "geophysicalUnit": "dl",
                "noDataValue": "0.0",
                "noDataValueUsed": "false",
                "spectralWavelength": "705.0",
                "spectralBandwidth": "97.0",
                "expectedPixels": [
                    {
                        "x": 1282,
                        "y": 1131,
                        "value": 0.0301
                    },
                    {
                        "x": 1418,
                        "y": 1409,
                        "value": 0.0277
                    }
                ]
            },
            {
                "name": "view_zenith_B4",
                "description": "Viewing incidence zenith angle",
                "bandWidth": 10,
                "bandHeight": 6,
                "geophysicalUnit": "deg",
                "noDataValue": "NaN",
                "noDataValueUsed": "true",
                "spectralWavelength": "0.0",
                "spectralBandwidth": "0.0",
                "expectedPixels": [
                    {
                        "x": 1,
                        "y": 3,
                        "value": 10.5672
                    },
                    {
                        "x": 5,
                        "y": 5,
                        "value": 8.95423
                    }
                ]
            },
            {
                "name": "view_azimuth_B5",
                "description": "Viewing incidence azimuth angle",
                "bandWidth": 10,
                "bandHeight": 6,
                "geophysicalUnit": "deg",
                "noDataValue": "NaN",
                "noDataValueUsed": "true",
                "spectralWavelength": "0.0",
                "spectralBandwidth": "0.0",
                "expectedPixels": [
                    {
                        "x": 7,
                        "y": 2,
                        "value": 93.2424
                    },
                    {
                        "x": 9,
                        "y": 2,
                        "value": 110.688
                    }
                ]
            }
        ],
        "metadata": [
            {
                "path": "Level-1C_DataStrip_ID/Auxiliary_Data_Info/IERS_Bulletin/GPS_TIME_TAI",
                "value": "-19"
            },
            {
                "path": "Level-1C_DataStrip_ID/General_Info/Datastrip_Time_Info/metadataLevel",
                "value": "Brief"
            },
            {
                "path": "Processing_Graph/node.1/parameters/formatName",
                "value": "BEAM-DIMAP"
            },
            {
                "path": "Level-1C_User_Product/Geometric_Info/Product_Footprint/Product_Footprint/Global_Footprint/EXT_POS_LIST",
                "value": "-34.418766657104364 22.502772591850427 -34.40169995935763 22.508132800147404 -34.255186353911775 22.55398900757052 -34.108561192328914 22.599670806702857 -33.9619711707639 22.645637884347764 -33.81563843257347 22.692427645389003 -33.66879982014101 22.737587944304696 -33.5218924657765 22.78236104552971 -33.42446606961881 22.812751741746418 -33.41850594224171 23.25635442590976 -34.40801810597274 23.282597927466128 -34.418766657104364 22.502772591850427 -34.418766657104364 22.502772591850427"
            },
            {
                "path": "Level-1C_DataStrip_ID/Satellite_Ancillary_Data_Info/Attitudes/Corrected_Attitudes/Values[4833]/QUATERNION_VALUES",
                "value": "0.175592845356637 -0.533600729247485 -0.428047818505729 -0.707963614516028"
            },
            {
                "path": "Processing_Graph/node.0/parameters/pixelRegion",
                "value": "6142,5402,4663,3035"
            },
            {
                "path": "Level-1C_User_Product/Geometric_Info/Coordinate_Reference_System/HORIZONTAL_CS_TYPE",
                "value": "GEOGRAPHIC"
            },
            {
                "path": "Granules/Level-1C_Tile_34HFH/Geometric_Info/Tile_Angles/Viewing_Incidence_Angles_Grids/Zenith/Values_List/VALUES[23]",
                "value": "NaN NaN NaN NaN NaN NaN NaN NaN NaN NaN NaN NaN NaN NaN NaN NaN NaN NaN NaN NaN NaN NaN NaN"
            },
            {
                "path": "Level-1C_DataStrip_ID/Quality_Indicators_Info/Radiometric_Info/Radiometric_Quality_List/Radiometric_Quality[11]/Noise_Model/ALPHA",
                "value": "1.067"
            },
            {
                "path": "Granules/Level-1C_Tile_34HFH/General_Info/Archiving_Info/metadataLevel",
                "value": "Expertise"
            }
        ]
    }
}