{
  "id": "projected_Subset_KO2_OPER_MSC_MUL_1G_20090803T082351_20090803T082353_016098_0250_1356_0001_resampled",
  "decodeQualification": "INTENDED",
  "expectedContent": {
    "sceneWidth": 443,
    "sceneHeight": 301,
    "startTime": "03-AUG-2009 08:23:52.294205",
    "endTime": "03-AUG-2009 08:23:52.294205",
    "geoCoding": {
      "coordinates": [
        {
          "x": 191.0,
          "y": 161.0,
          "lat": 47.520887870542126,
          "lon": 19.086246796159262
        },
        {
          "x": 328.0,
          "y": 195.0,
          "lat": 47.51963471087274,
          "lon": 19.091296292474162
        }
      ],
      "reverseAccuracy": 2.3283064365386963E-10
    },
    "bands": [
      {
        "name": "MS1",
        "bandWidth": 443,
        "bandHeight": 301,
        "noDataValue": "NaN",
        "noDataValueUsed": "true",
        "spectralWavelength": "485.0",
        "spectralBandwidth": "0.0",
        "expectedPixels": [
          {
            "x": 23,
            "y": 53,
            "value": 0.913066
          },
          {
            "x": 303,
            "y": 256,
            "value": 0.6595204
          }
        ]
      },
      {
        "name": "MS4",
        "bandWidth": 443,
        "bandHeight": 301,
        "noDataValue": "NaN",
        "noDataValueUsed": "true",
        "spectralWavelength": "830.0",
        "spectralBandwidth": "0.0",
        "expectedPixels": [
          {
            "x": 128,
            "y": 77,
            "value": 0.2981867
          },
          {
            "x": 270,
            "y": 109,
            "value": 0.2761532
          }
        ]
      },
      {
        "name": "MS2",
        "bandWidth": 443,
        "bandHeight": 301,
        "noDataValue": "NaN",
        "noDataValueUsed": "true",
        "spectralWavelength": "560.0",
        "spectralBandwidth": "0.0",
        "expectedPixels": [
          {
            "x": 243,
            "y": 224,
            "value": 0.986328
          },
          {
            "x": 269,
            "y": 279,
            "value": 1.098804
          }
        ]
      },
      {
        "name": "PAN",
        "bandWidth": 443,
        "bandHeight": 301,
        "noDataValue": "NaN",
        "noDataValueUsed": "true",
        "spectralWavelength": "700.0",
        "spectralBandwidth": "0.0",
        "expectedPixels": [
          {
            "x": 70,
            "y": 200,
            "value": 0.5772385
          },
          {
            "x": 229,
            "y": 274,
            "value": 0.5789616
          }
        ]
      },
      {
        "name": "MS3",
        "bandWidth": 443,
        "bandHeight": 301,
        "noDataValue": "NaN",
        "noDataValueUsed": "true",
        "spectralWavelength": "660.0",
        "spectralBandwidth": "0.0",
        "expectedPixels": [
          {
            "x": 334,
            "y": 145,
            "value": 0.4080529
          },
          {
            "x": 421,
            "y": 146,
            "value": 0.472851
          }
        ]
      }
    ],
    "metadata": [
      {
        "path": "TIFF Metadata[2]/GeoTIFF Metadata/GeoKeyDirectory/GeogEllipsoidGeoKey",
        "value": "Ellipse_WGS_84"
      },
      {
        "path": "TIFF Metadata[2]/GeoTIFF Metadata/GeoKeyDirectory/GTModelTypeGeoKey",
        "value": "ModelTypeProjected"
      },
      {
        "path": "history/SubsetInfo/SubRegion.height",
        "value": "300"
      },
      {
        "path": "TIFF Metadata[5]/GeoTIFF Metadata/GeoKeyDirectory/GeographicTypeGeoKey",
        "value": "32767"
      },
      {
        "path": "TIFF Metadata[5]/GeoTIFF Metadata/GeoKeyDirectory/GeogGeodeticDatumGeoKey",
        "value": "Datum_WGS84"
      },
      {
        "path": "TIFF Metadata[3]/GeoTIFF Metadata/GeoKeyDirectory/GeogSemiMajorAxisGeoKey",
        "value": "6378137.0"
      },
      {
        "path": "Metadata/metaDataProperty/EarthObservationMetaData/vendorSpecific/SpecificInformation/localAttribute",
        "value": "originalName"
      },
      {
        "path": "TIFF Metadata[3]/GeoTIFF Metadata/GeoKeyDirectory/GeogEllipsoidGeoKey",
        "value": "Ellipse_WGS_84"
      },
      {
        "path": "TIFF Metadata[4]/GeoTIFF Metadata/GeoKeyDirectory/GTModelTypeGeoKey",
        "value": "ModelTypeProjected"
      },
      {
        "path": "TIFF Metadata[3]/GeoTIFF Metadata/GeoKeyDirectory/GeographicTypeGeoKey",
        "value": "32767"
      }
    ]
  }
}