{
  "id": "tempSentinel2BL2A",
  "decodeQualification": "INTENDED",
  "expectedContent": {
    "sceneWidth": 575,
    "sceneHeight": 301,
    "startTime": "28-MAY-2019 08:56:09.024000",
    "endTime": "28-MAY-2019 08:56:09.024000",
    "geoCoding": {
      "coordinates": [
        {
          "x": 248.0,
          "y": 161.0,
          "lat": 58.55315822078105,
          "lon": 33.13463529912855
        },
        {
          "x": 426.0,
          "y": 195.0,
          "lat": 58.53479418838062,
          "lon": 33.230776409930805
        }
      ],
      "reverseAccuracy": 1.4551915228366852E-11
    },
    "indexCodings": [
      {
        "name": "quality_scene_classification",
        "samples": [
          {
            "name": "NODATA",
            "value": 0,
            "description": "No data"
          },
          {
            "name": "SATURATED_DEFECTIVE",
            "value": 1,
            "description": "Saturated or defective"
          },
          {
            "name": "DARK_FEATURE_SHADOW",
            "value": 2,
            "description": "Dark feature shadow"
          },
          {
            "name": "CLOUD_SHADOW",
            "value": 3,
            "description": "Cloud shadow"
          },
          {
            "name": "VEGETATION",
            "value": 4,
            "description": "Vegetation"
          },
          {
            "name": "NOT_VEGETATED",
            "value": 5,
            "description": "Not vegetated"
          },
          {
            "name": "WATER",
            "value": 6,
            "description": "Water"
          },
          {
            "name": "UNCLASSIFIED",
            "value": 7,
            "description": "Unclassified"
          },
          {
            "name": "CLOUD_MEDIUM_PROBA",
            "value": 8,
            "description": "Cloud (medium probability)"
          },
          {
            "name": "CLOUD_HIGH_PROBA",
            "value": 9,
            "description": "Cloud (high probability)"
          },
          {
            "name": "THIN_CIRRUS",
            "value": 10,
            "description": "Thin cirrus"
          },
          {
            "name": "SNOW_ICE",
            "value": 11,
            "description": "Snow or Ice"
          }
        ]
      }
    ],
    "bands": [
      {
        "name": "tco3",
        "description": "Total column water vapour at surface level provided by ECMWF",
        "bandWidth": 575,
        "bandHeight": 301,
        "geophysicalUnit": "kg m**-2",
        "noDataValue": "NaN",
        "noDataValueUsed": "true",
        "spectralWavelength": "0.0",
        "spectralBandwidth": "0.0",
        "expectedPixels": [
          {
            "x": 156,
            "y": 47,
            "value": 18.139791488
          },
          {
            "x": 66,
            "y": 12,
            "value": 18.1245403289
          }
          ]
      },
      {
        "name": "tcwv",
        "description": "Total column ozone at surface level provided by ECMWF",
        "bandWidth": 575,
        "bandHeight": 301,
        "geophysicalUnit": "kg m**-2",
        "noDataValue": "NaN",
        "noDataValueUsed": "true",
        "spectralWavelength": "0.0",
        "spectralBandwidth": "0.0",
        "expectedPixels": [
          {
          "x": 116,
          "y": 185,
          "value": 0.00743671366944
          },
          {
          "x": 88,
          "y": 174,
          "value": 0.0074362331070005
          }
        ]
      },
      {
        "name": "msl",
        "description": "Mean sea level pressure at surface level provided by ECMWF",
        "bandWidth": 575,
        "bandHeight": 301,
        "geophysicalUnit": "Pa",
        "noDataValue": "NaN",
        "noDataValueUsed": "true",
        "spectralWavelength": "0.0",
        "spectralBandwidth": "0.0",
        "expectedPixels": [
          {
          "x": 157,
          "y": 52,
          "value": 100778.296875
          },
          {
          "x": 14,
          "y": 72,
          "value": 100776.84375
          }
        ]
      },
      {
        "name": "B1",
        "description": "Reflectance in band B1",
        "bandWidth": 575,
        "bandHeight": 301,
        "geophysicalUnit": "dl",
        "noDataValue": "NaN",
        "noDataValueUsed": "true",
        "spectralWavelength": "443.0",
        "spectralBandwidth": "20.0",
        "expectedPixels": [
          {
            "x": 30,
            "y": 53,
            "value": "NaN"
          },
          {
            "x": 393,
            "y": 256,
            "value": 0.023
          }
        ]
      },
      {
        "name": "B2",
        "description": "Reflectance in band B2",
        "bandWidth": 575,
        "bandHeight": 301,
        "geophysicalUnit": "dl",
        "noDataValue": "NaN",
        "noDataValueUsed": "true",
        "spectralWavelength": "490.0",
        "spectralBandwidth": "65.0",
        "expectedPixels": [
          {
            "x": 167,
            "y": 77,
            "value": 0.0218
          },
          {
            "x": 351,
            "y": 109,
            "value": 0.3188
          }
        ]
      },
      {
        "name": "B3",
        "description": "Reflectance in band B3",
        "bandWidth": 575,
        "bandHeight": 301,
        "geophysicalUnit": "dl",
        "noDataValue": "NaN",
        "noDataValueUsed": "true",
        "spectralWavelength": "560.0",
        "spectralBandwidth": "35.0",
        "expectedPixels": [
          {
            "x": 316,
            "y": 224,
            "value": 0.0643
          },
          {
            "x": 349,
            "y": 279,
            "value": 0.0482
          }
        ]
      },
      {
        "name": "B4",
        "description": "Reflectance in band B4",
        "bandWidth": 575,
        "bandHeight": 301,
        "geophysicalUnit": "dl",
        "noDataValue": "NaN",
        "noDataValueUsed": "true",
        "spectralWavelength": "665.0",
        "spectralBandwidth": "30.0",
        "expectedPixels": [
          {
            "x": 91,
            "y": 200,
            "value": 0.0327
          },
          {
            "x": 298,
            "y": 274,
            "value": 0.0608
          }
        ]
      },
      {
        "name": "B5",
        "description": "Reflectance in band B5",
        "bandWidth": 575,
        "bandHeight": 301,
        "geophysicalUnit": "dl",
        "noDataValue": "NaN",
        "noDataValueUsed": "true",
        "spectralWavelength": "705.0",
        "spectralBandwidth": "15.0",
        "expectedPixels": [
          {
            "x": 434,
            "y": 145,
            "value": 0.0357
          },
          {
            "x": 546,
            "y": 146,
            "value": 0.0753
          }
        ]
      },
      {
        "name": "B6",
        "description": "Reflectance in band B6",
        "bandWidth": 575,
        "bandHeight": 301,
        "geophysicalUnit": "dl",
        "noDataValue": "NaN",
        "noDataValueUsed": "true",
        "spectralWavelength": "740.0",
        "spectralBandwidth": "15.0",
        "expectedPixels": [
          {
            "x": 195,
            "y": 270,
            "value": 0.1835
          },
          {
            "x": 5,
            "y": 141,
            "value": "NaN"
          }
        ]
      },
      {
        "name": "B7",
        "description": "Reflectance in band B7",
        "bandWidth": 575,
        "bandHeight": 301,
        "geophysicalUnit": "dl",
        "noDataValue": "NaN",
        "noDataValueUsed": "true",
        "spectralWavelength": "783.0",
        "spectralBandwidth": "20.0",
        "expectedPixels": [
          {
            "x": 188,
            "y": 59,
            "value": 0.3027
          },
          {
            "x": 157,
            "y": 13,
            "value": "NaN"
          }
        ]
      },
      {
        "name": "B8",
        "description": "Reflectance in band B8",
        "bandWidth": 575,
        "bandHeight": 301,
        "geophysicalUnit": "dl",
        "noDataValue": "NaN",
        "noDataValueUsed": "true",
        "spectralWavelength": "842.0",
        "spectralBandwidth": "115.0",
        "expectedPixels": [
          {
            "x": 558,
            "y": 182,
            "value": 0.2655
          },
          {
            "x": 329,
            "y": 215,
            "value": 0.1992
          }
        ]
      },
      {
        "name": "B8A",
        "description": "Reflectance in band B8A",
        "bandWidth": 575,
        "bandHeight": 301,
        "geophysicalUnit": "dl",
        "noDataValue": "NaN",
        "noDataValueUsed": "true",
        "spectralWavelength": "865.0",
        "spectralBandwidth": "20.0",
        "expectedPixels": [
          {
            "x": 133,
            "y": 149,
            "value": 0.314
          },
          {
            "x": 184,
            "y": 217,
            "value": 0.1846
          }
        ]
      },
      {
        "name": "B9",
        "description": "Reflectance in band B9",
        "bandWidth": 575,
        "bandHeight": 301,
        "geophysicalUnit": "dl",
        "noDataValue": "NaN",
        "noDataValueUsed": "true",
        "spectralWavelength": "945.0",
        "spectralBandwidth": "20.0",
        "expectedPixels": [
          {
            "x": 205,
            "y": 149,
            "value": 0.2933
          },
          {
            "x": 231,
            "y": 133,
            "value": 0.5039
          }
        ]
      },
      {
        "name": "B11",
        "description": "Reflectance in band B11",
        "bandWidth": 575,
        "bandHeight": 301,
        "geophysicalUnit": "dl",
        "noDataValue": "NaN",
        "noDataValueUsed": "true",
        "spectralWavelength": "1610.0",
        "spectralBandwidth": "90.0",
        "expectedPixels": [
          {
            "x": 330,
            "y": 27,
            "value": 0.0369
          },
          {
            "x": 371,
            "y": 4,
            "value": 0.1033
          }
        ]
      },
      {
        "name": "B12",
        "description": "Reflectance in band B12",
        "bandWidth": 575,
        "bandHeight": 301,
        "geophysicalUnit": "dl",
        "noDataValue": "NaN",
        "noDataValueUsed": "true",
        "spectralWavelength": "2190.0",
        "spectralBandwidth": "180.0",
        "expectedPixels": [
          {
            "x": 560,
            "y": 110,
            "value": 0.0723
          },
          {
            "x": 546,
            "y": 284,
            "value": 0.0631
          }
        ]
      },
      {
        "name": "quality_aot",
        "description": "Aerosol Optical Thickness",
        "bandWidth": 575,
        "bandHeight": 301,
        "geophysicalUnit": "none",
        "noDataValue": "NaN",
        "noDataValueUsed": "true",
        "spectralWavelength": "0.0",
        "spectralBandwidth": "0.0",
        "expectedPixels": [
          {
            "x": 63,
            "y": 136,
            "value": 0.0
          },
          {
            "x": 328,
            "y": 169,
            "value": 0.082
          }
        ]
      },
      {
        "name": "quality_wvp",
        "description": "Water Vapour",
        "bandWidth": 575,
        "bandHeight": 301,
        "geophysicalUnit": "cm",
        "noDataValue": "NaN",
        "noDataValueUsed": "true",
        "spectralWavelength": "0.0",
        "spectralBandwidth": "0.0",
        "expectedPixels": [
          {
            "x": 290,
            "y": 157,
            "value": 1.253
          },
          {
            "x": 259,
            "y": 174,
            "value": 0.957
          }
        ]
      },
      {
        "name": "quality_cloud_confidence",
        "description": "Cloud Confidence",
        "bandWidth": 575,
        "bandHeight": 301,
        "geophysicalUnit": "%",
        "noDataValue": "0.0",
        "noDataValueUsed": "true",
        "spectralWavelength": "0.0",
        "spectralBandwidth": "0.0",
        "expectedPixels": [
          {
            "x": 8,
            "y": 127,
            "value": "NaN"
          },
          {
            "x": 40,
            "y": 298,
            "value": "NaN"
          }
        ]
      },
      {
        "name": "quality_snow_confidence",
        "description": "Snow Confidence",
        "bandWidth": 575,
        "bandHeight": 301,
        "geophysicalUnit": "%",
        "noDataValue": "0.0",
        "noDataValueUsed": "true",
        "spectralWavelength": "0.0",
        "spectralBandwidth": "0.0",
        "expectedPixels": [
          {
            "x": 170,
            "y": 224,
            "value": "NaN"
          },
          {
            "x": 462,
            "y": 221,
            "value": "NaN"
          }
        ]
      },
      {
        "name": "quality_scene_classification",
        "description": "Scene classification",
        "bandWidth": 575,
        "bandHeight": 301,
        "noDataValue": "0.0",
        "noDataValueUsed": "true",
        "spectralWavelength": "0.0",
        "spectralBandwidth": "0.0",
        "expectedPixels": [
          {
            "x": 479,
            "y": 284,
            "value": 4.0
          },
          {
            "x": 142,
            "y": 160,
            "value": 4.0
          }
        ]
      },
      {
        "name": "view_zenith_mean",
        "description": "Viewing incidence zenith angle",
        "bandWidth": 575,
        "bandHeight": 301,
        "geophysicalUnit": "deg",
        "noDataValue": "NaN",
        "noDataValueUsed": "true",
        "spectralWavelength": "0.0",
        "spectralBandwidth": "0.0",
        "expectedPixels": [
          {
            "x": 351,
            "y": 78,
            "value": 11.565923
          },
          {
            "x": 317,
            "y": 45,
            "value": 11.565923
          }
        ]
      },
      {
        "name": "view_azimuth_mean",
        "description": "Viewing incidence azimuth angle",
        "bandWidth": 575,
        "bandHeight": 301,
        "geophysicalUnit": "deg",
        "noDataValue": "NaN",
        "noDataValueUsed": "true",
        "spectralWavelength": "0.0",
        "spectralBandwidth": "0.0",
        "expectedPixels": [
          {
            "x": 273,
            "y": 168,
            "value": 112.31815
          },
          {
            "x": 54,
            "y": 255,
            "value": "NaN"
          }
        ]
      },
      {
        "name": "sun_zenith",
        "description": "Solar zenith angle",
        "bandWidth": 575,
        "bandHeight": 301,
        "geophysicalUnit": "deg",
        "noDataValue": "NaN",
        "noDataValueUsed": "true",
        "spectralWavelength": "0.0",
        "spectralBandwidth": "0.0",
        "expectedPixels": [
          {
            "x": 55,
            "y": 23,
            "value": 37.9332
          },
          {
            "x": 261,
            "y": 203,
            "value": 37.8338
          }
        ]
      },
      {
        "name": "sun_azimuth",
        "description": "Solar azimuth angle",
        "bandWidth": 575,
        "bandHeight": 301,
        "geophysicalUnit": "deg",
        "noDataValue": "NaN",
        "noDataValueUsed": "true",
        "spectralWavelength": "0.0",
        "spectralBandwidth": "0.0",
        "expectedPixels": [
          {
            "x": 267,
            "y": 269,
            "value": 164.439
          },
          {
            "x": 498,
            "y": 180,
            "value": 164.706
          }
        ]
      },
      {
        "name": "view_zenith_B1",
        "description": "Viewing incidence zenith angle",
        "bandWidth": 575,
        "bandHeight": 301,
        "geophysicalUnit": "deg",
        "noDataValue": "NaN",
        "noDataValueUsed": "true",
        "spectralWavelength": "0.0",
        "spectralBandwidth": "0.0",
        "expectedPixels": [
          {
            "x": 553,
            "y": 114,
            "value": 11.1476
          },
          {
            "x": 50,
            "y": 160,
            "value": "NaN"
          }
        ]
      },
      {
        "name": "view_azimuth_B1",
        "description": "Viewing incidence azimuth angle",
        "bandWidth": 575,
        "bandHeight": 301,
        "geophysicalUnit": "deg",
        "noDataValue": "NaN",
        "noDataValueUsed": "true",
        "spectralWavelength": "0.0",
        "spectralBandwidth": "0.0",
        "expectedPixels": [
          {
            "x": 422,
            "y": 179,
            "value": 115.272
          },
          {
            "x": 561,
            "y": 55,
            "value": 115.485
          }
        ]
      },
      {
        "name": "view_zenith_B2",
        "description": "Viewing incidence zenith angle",
        "bandWidth": 575,
        "bandHeight": 301,
        "geophysicalUnit": "deg",
        "noDataValue": "NaN",
        "noDataValueUsed": "true",
        "spectralWavelength": "0.0",
        "spectralBandwidth": "0.0",
        "expectedPixels": [
          {
            "x": 264,
            "y": 78,
            "value": "NaN"
          },
          {
            "x": 131,
            "y": 194,
            "value": "NaN"
          }
        ]
      },
      {
        "name": "view_azimuth_B2",
        "description": "Viewing incidence azimuth angle",
        "bandWidth": 575,
        "bandHeight": 301,
        "geophysicalUnit": "deg",
        "noDataValue": "NaN",
        "noDataValueUsed": "true",
        "spectralWavelength": "0.0",
        "spectralBandwidth": "0.0",
        "expectedPixels": [
          {
            "x": 367,
            "y": 131,
            "value": 108.836
          },
          {
            "x": 305,
            "y": 170,
            "value": 108.657
          }
        ]
      },
      {
        "name": "view_zenith_B3",
        "description": "Viewing incidence zenith angle",
        "bandWidth": 575,
        "bandHeight": 301,
        "geophysicalUnit": "deg",
        "noDataValue": "NaN",
        "noDataValueUsed": "true",
        "spectralWavelength": "0.0",
        "spectralBandwidth": "0.0",
        "expectedPixels": [
          {
            "x": 227,
            "y": 64,
            "value": "NaN"
          },
          {
            "x": 160,
            "y": 267,
            "value": 11.567
          }
        ]
      },
      {
        "name": "view_azimuth_B3",
        "description": "Viewing incidence azimuth angle",
        "bandWidth": 575,
        "bandHeight": 301,
        "geophysicalUnit": "deg",
        "noDataValue": "NaN",
        "noDataValueUsed": "true",
        "spectralWavelength": "0.0",
        "spectralBandwidth": "0.0",
        "expectedPixels": [
          {
            "x": 543,
            "y": 174,
            "value": 110.634
          },
          {
            "x": 435,
            "y": 98,
            "value": 110.268
          }
        ]
      },
      {
        "name": "view_zenith_B4",
        "description": "Viewing incidence zenith angle",
        "bandWidth": 575,
        "bandHeight": 301,
        "geophysicalUnit": "deg",
        "noDataValue": "NaN",
        "noDataValueUsed": "true",
        "spectralWavelength": "0.0",
        "spectralBandwidth": "0.0",
        "expectedPixels": [
          {
            "x": 322,
            "y": 87,
            "value": 11.4314
          },
          {
            "x": 476,
            "y": 262,
            "value": 10.8415
          }
        ]
      },
      {
        "name": "view_azimuth_B4",
        "description": "Viewing incidence azimuth angle",
        "bandWidth": 575,
        "bandHeight": 301,
        "geophysicalUnit": "deg",
        "noDataValue": "NaN",
        "noDataValueUsed": "true",
        "spectralWavelength": "0.0",
        "spectralBandwidth": "0.0",
        "expectedPixels": [
          {
            "x": 62,
            "y": 267,
            "value": "NaN"
          },
          {
            "x": 197,
            "y": 245,
            "value": 111.341
          }
        ]
      },
      {
        "name": "view_zenith_B5",
        "description": "Viewing incidence zenith angle",
        "bandWidth": 575,
        "bandHeight": 301,
        "geophysicalUnit": "deg",
        "noDataValue": "NaN",
        "noDataValueUsed": "true",
        "spectralWavelength": "0.0",
        "spectralBandwidth": "0.0",
        "expectedPixels": [
          {
            "x": 104,
            "y": 208,
            "value": "NaN"
          },
          {
            "x": 340,
            "y": 165,
            "value": 11.445
          }
        ]
      },
      {
        "name": "view_azimuth_B5",
        "description": "Viewing incidence azimuth angle",
        "bandWidth": 575,
        "bandHeight": 301,
        "geophysicalUnit": "deg",
        "noDataValue": "NaN",
        "noDataValueUsed": "true",
        "spectralWavelength": "0.0",
        "spectralBandwidth": "0.0",
        "expectedPixels": [
          {
            "x": 118,
            "y": 92,
            "value": "NaN"
          },
          {
            "x": 235,
            "y": 259,
            "value": 112.127
          }
        ]
      },
      {
        "name": "view_zenith_B6",
        "description": "Viewing incidence zenith angle",
        "bandWidth": 575,
        "bandHeight": 301,
        "geophysicalUnit": "deg",
        "noDataValue": "NaN",
        "noDataValueUsed": "true",
        "spectralWavelength": "0.0",
        "spectralBandwidth": "0.0",
        "expectedPixels": [
          {
            "x": 403,
            "y": 270,
            "value": 11.2441
          },
          {
            "x": 171,
            "y": 298,
            "value": 11.615
          }
        ]
      },
      {
        "name": "view_azimuth_B6",
        "description": "Viewing incidence azimuth angle",
        "bandWidth": 575,
        "bandHeight": 301,
        "geophysicalUnit": "deg",
        "noDataValue": "NaN",
        "noDataValueUsed": "true",
        "spectralWavelength": "0.0",
        "spectralBandwidth": "0.0",
        "expectedPixels": [
          {
            "x": 314,
            "y": 35,
            "value": "NaN"
          },
          {
            "x": 112,
            "y": 168,
            "value": "NaN"
          }
        ]
      },
      {
        "name": "view_zenith_B7",
        "description": "Viewing incidence zenith angle",
        "bandWidth": 575,
        "bandHeight": 301,
        "geophysicalUnit": "deg",
        "noDataValue": "NaN",
        "noDataValueUsed": "true",
        "spectralWavelength": "0.0",
        "spectralBandwidth": "0.0",
        "expectedPixels": [
          {
            "x": 263,
            "y": 38,
            "value": "NaN"
          },
          {
            "x": 476,
            "y": 172,
            "value": 10.9985
          }
        ]
      },
      {
        "name": "view_azimuth_B7",
        "description": "Viewing incidence azimuth angle",
        "bandWidth": 575,
        "bandHeight": 301,
        "geophysicalUnit": "deg",
        "noDataValue": "NaN",
        "noDataValueUsed": "true",
        "spectralWavelength": "0.0",
        "spectralBandwidth": "0.0",
        "expectedPixels": [
          {
            "x": 59,
            "y": 203,
            "value": "NaN"
          },
          {
            "x": 420,
            "y": 142,
            "value": 113.714
          }
        ]
      },
      {
        "name": "view_zenith_B8",
        "description": "Viewing incidence zenith angle",
        "bandWidth": 575,
        "bandHeight": 301,
        "geophysicalUnit": "deg",
        "noDataValue": "NaN",
        "noDataValueUsed": "true",
        "spectralWavelength": "0.0",
        "spectralBandwidth": "0.0",
        "expectedPixels": [
          {
            "x": 82,
            "y": 20,
            "value": "NaN"
          },
          {
            "x": 483,
            "y": 90,
            "value": 11.0275
          }
        ]
      },
      {
        "name": "view_azimuth_B8",
        "description": "Viewing incidence azimuth angle",
        "bandWidth": 575,
        "bandHeight": 301,
        "geophysicalUnit": "deg",
        "noDataValue": "NaN",
        "noDataValueUsed": "true",
        "spectralWavelength": "0.0",
        "spectralBandwidth": "0.0",
        "expectedPixels": [
          {
            "x": 340,
            "y": 292,
            "value": 109.68
          },
          {
            "x": 446,
            "y": 8,
            "value": 109.49
          }
        ]
      },
      {
        "name": "view_zenith_B8A",
        "description": "Viewing incidence zenith angle",
        "bandWidth": 575,
        "bandHeight": 301,
        "geophysicalUnit": "deg",
        "noDataValue": "NaN",
        "noDataValueUsed": "true",
        "spectralWavelength": "0.0",
        "spectralBandwidth": "0.0",
        "expectedPixels": [
          {
            "x": 124,
            "y": 74,
            "value": "NaN"
          },
          {
            "x": 183,
            "y": 58,
            "value": "NaN"
          }
        ]
      },
      {
        "name": "view_azimuth_B8A",
        "description": "Viewing incidence azimuth angle",
        "bandWidth": 575,
        "bandHeight": 301,
        "geophysicalUnit": "deg",
        "noDataValue": "NaN",
        "noDataValueUsed": "true",
        "spectralWavelength": "0.0",
        "spectralBandwidth": "0.0",
        "expectedPixels": [
          {
            "x": 162,
            "y": 265,
            "value": 114.217
          },
          {
            "x": 573,
            "y": 22,
            "value": 114.725
          }
        ]
      },
      {
        "name": "view_zenith_B9",
        "description": "Viewing incidence zenith angle",
        "bandWidth": 575,
        "bandHeight": 301,
        "geophysicalUnit": "deg",
        "noDataValue": "NaN",
        "noDataValueUsed": "true",
        "spectralWavelength": "0.0",
        "spectralBandwidth": "0.0",
        "expectedPixels": [
          {
            "x": 470,
            "y": 151,
            "value": 11.5396
          },
          {
            "x": 36,
            "y": 116,
            "value": "NaN"
          }
        ]
      },
      {
        "name": "view_azimuth_B9",
        "description": "Viewing incidence azimuth angle",
        "bandWidth": 575,
        "bandHeight": 301,
        "geophysicalUnit": "deg",
        "noDataValue": "NaN",
        "noDataValueUsed": "true",
        "spectralWavelength": "0.0",
        "spectralBandwidth": "0.0",
        "expectedPixels": [
          {
            "x": 159,
            "y": 175,
            "value": 115.541
          },
          {
            "x": 533,
            "y": 41,
            "value": 116.216
          }
        ]
      },
      {
        "name": "view_zenith_B10",
        "description": "Viewing incidence zenith angle",
        "bandWidth": 575,
        "bandHeight": 301,
        "geophysicalUnit": "deg",
        "noDataValue": "NaN",
        "noDataValueUsed": "true",
        "spectralWavelength": "0.0",
        "spectralBandwidth": "0.0",
        "expectedPixels": [
          {
            "x": 60,
            "y": 43,
            "value": "NaN"
          },
          {
            "x": 508,
            "y": 32,
            "value": 11.1608
          }
        ]
      },
      {
        "name": "view_azimuth_B10",
        "description": "Viewing incidence azimuth angle",
        "bandWidth": 575,
        "bandHeight": 301,
        "geophysicalUnit": "deg",
        "noDataValue": "NaN",
        "noDataValueUsed": "true",
        "spectralWavelength": "0.0",
        "spectralBandwidth": "0.0",
        "expectedPixels": [
          {
            "x": 212,
            "y": 265,
            "value": 111.105
          },
          {
            "x": 336,
            "y": 173,
            "value": 111.34
          }
        ]
      },
      {
        "name": "view_zenith_B11",
        "description": "Viewing incidence zenith angle",
        "bandWidth": 575,
        "bandHeight": 301,
        "geophysicalUnit": "deg",
        "noDataValue": "NaN",
        "noDataValueUsed": "true",
        "spectralWavelength": "0.0",
        "spectralBandwidth": "0.0",
        "expectedPixels": [
          {
            "x": 194,
            "y": 98,
            "value": 11.8295
          },
          {
            "x": 214,
            "y": 257,
            "value": 11.6137
          }
        ]
      },
      {
        "name": "view_azimuth_B11",
        "description": "Viewing incidence azimuth angle",
        "bandWidth": 575,
        "bandHeight": 301,
        "geophysicalUnit": "deg",
        "noDataValue": "NaN",
        "noDataValueUsed": "true",
        "spectralWavelength": "0.0",
        "spectralBandwidth": "0.0",
        "expectedPixels": [
          {
            "x": 187,
            "y": 206,
            "value": 112.674
          },
          {
            "x": 370,
            "y": 203,
            "value": 113.037
          }
        ]
      },
      {
        "name": "view_zenith_B12",
        "description": "Viewing incidence zenith angle",
        "bandWidth": 575,
        "bandHeight": 301,
        "geophysicalUnit": "deg",
        "noDataValue": "NaN",
        "noDataValueUsed": "true",
        "spectralWavelength": "0.0",
        "spectralBandwidth": "0.0",
        "expectedPixels": [
          {
            "x": 304,
            "y": 39,
            "value": "NaN"
          },
          {
            "x": 266,
            "y": 240,
            "value": 11.763
          }
        ]
      },
      {
        "name": "view_azimuth_B12",
        "description": "Viewing incidence azimuth angle",
        "bandWidth": 575,
        "bandHeight": 301,
        "geophysicalUnit": "deg",
        "noDataValue": "NaN",
        "noDataValueUsed": "true",
        "spectralWavelength": "0.0",
        "spectralBandwidth": "0.0",
        "expectedPixels": [
          {
            "x": 461,
            "y": 271,
            "value": 114.846
          },
          {
            "x": 14,
            "y": 210,
            "value": "NaN"
          }
        ]
      }
    ],
    "masks": [
      {
        "name": "scl_nodata",
        "type": "org.esa.snap.core.datamodel.Mask$BandMathsType",
        "color": "0,0,0",
        "description": "No data"
      },
      {
        "name": "scl_saturated_defective",
        "type": "org.esa.snap.core.datamodel.Mask$BandMathsType",
        "color": "255,0,0",
        "description": "Saturated or defective"
      },
      {
        "name": "scl_dark_feature_shadow",
        "type": "org.esa.snap.core.datamodel.Mask$BandMathsType",
        "color": "46,46,46",
        "description": "Dark feature shadow"
      },
      {
        "name": "scl_cloud_shadow",
        "type": "org.esa.snap.core.datamodel.Mask$BandMathsType",
        "color": "100,50,0",
        "description": "Cloud shadow"
      },
      {
        "name": "scl_vegetation",
        "type": "org.esa.snap.core.datamodel.Mask$BandMathsType",
        "color": "0,128,0",
        "description": "Vegetation"
      },
      {
        "name": "scl_not_vegetated",
        "type": "org.esa.snap.core.datamodel.Mask$BandMathsType",
        "color": "255,230,90",
        "description": "Not vegetated"
      },
      {
        "name": "scl_water",
        "type": "org.esa.snap.core.datamodel.Mask$BandMathsType",
        "color": "0,0,255",
        "description": "Water"
      },
      {
        "name": "scl_unclassified",
        "type": "org.esa.snap.core.datamodel.Mask$BandMathsType",
        "color": "129,129,129",
        "description": "Unclassified"
      },
      {
        "name": "scl_cloud_medium_proba",
        "type": "org.esa.snap.core.datamodel.Mask$BandMathsType",
        "color": "193,193,193",
        "description": "Cloud (medium probability)"
      },
      {
        "name": "scl_cloud_high_proba",
        "type": "org.esa.snap.core.datamodel.Mask$BandMathsType",
        "color": "255,255,255",
        "description": "Cloud (high probability)"
      },
      {
        "name": "scl_thin_cirrus",
        "type": "org.esa.snap.core.datamodel.Mask$BandMathsType",
        "color": "100,200,255",
        "description": "Thin cirrus"
      },
      {
        "name": "scl_snow_ice",
        "type": "org.esa.snap.core.datamodel.Mask$BandMathsType",
        "color": "255,150,255",
        "description": "Snow or Ice"
      }
    ],
    "metadata": [
      {
        "path": "history/SubsetInfo/ProductNodeName.31",
        "value": "view_zenith_B4"
      },
      {
        "path": "history/SubsetInfo/ProductNodeName.14",
        "value": "B11"
      },
      {
        "path": "Level-2A_DataStrip_ID/General_Info/PROCESSING_SPECIFIC_PARAMETERS/PROCESSING_SPECIFIC_PARAMETERS",
        "value": "BINNING=true;DATABLOCK_POSITION_DB1=1;DB1D01=1;DB1D02=1;DB1D03=1;DB1D04=1;DB1D05=1;DB1D06=1;DB1D07=1;DB1D08=1;DB1D09=1;DB1D10=1;DB1D11=1;DB1D12=1;DB1_Priority=NOMINAL;QLK_L0=0;QLK_NCOLS=906;QLK_NROWS=11136;QLK_T0=2019-05-28T08:58:10.624;QLK_TE=50.1079552"
      },
      {
        "path": "Granules/Level-2A_Tile_36VWK/Geometric_Info/Tile_Angles/Viewing_Incidence_Angles_Grids[17]/Azimuth/Values_List/VALUES[7]",
        "value": "NaN NaN NaN NaN NaN NaN NaN NaN NaN NaN NaN NaN NaN NaN NaN NaN NaN NaN NaN NaN 124.625 126.469 128.693"
      },
      {
        "path": "Level-2A_User_Product/Quality_Indicators_Info/Technical_Quality_Assessment/DEGRADED_MSI_DATA_PERCENTAGE",
        "value": "0"
      },
      {
        "path": "Level-2A_DataStrip_ID/Quality_Indicators_Info/Radiometric_Info/Radiometric_Quality_List/Radiometric_Quality[2]/Noise_Model/BETA",
        "value": "0.04696"
      },
      {
        "path": "Processing_Graph/node.4/sources/sourceProduct",
        "value": "Reproject"
      },
      {
        "path": "Level-2A_User_Product/Auxiliary_Data_Info/LUT_List/LUT_FILENAME",
        "value": "None"
      },
      {
        "path": "history/SubsetInfo/ProductNodeName.17",
        "value": "quality_wvp"
      },
      {
        "path": "history/SubsetInfo/ProductNodeName.36",
        "value": "view_azimuth_B6"
      }
    ]
  }
}