{
    "id": "readOpPolygonSubsetSentinel2AL2AByPolygonRegionVectorFile",
    "decodeQualification": "INTENDED",
    "expectedContent": {
        "sceneWidth": 9959,
        "sceneHeight": 3818,
        "startTime": "28-JUL-2021 10:30:31.024000",
        "endTime": "28-JUL-2021 10:30:31.024000",
        "geoCoding": {
            "coordinates": [
                {
                    "x": 4295.0,
                    "y": 2052.0,
                    "lat": 67.68072858743031,
                    "lon": 19.652819273514492
                },
                {
                    "x": 7394.0,
                    "y": 2477.0,
                    "lat": 67.6470148788386,
                    "lon": 20.38501798096214
                }
            ],
            "reverseAccuracy": 3.3760443329811096E-9
        },
        "bands": [
            {
                "name": "B1",
                "description": "Reflectance in band B1",
                "bandWidth": 4979,
                "bandHeight": 1908,
                "geophysicalUnit": "dl",
                "noDataValue": "-0.1",
                "noDataValueUsed": "false",
                "spectralWavelength": "443.0",
                "spectralBandwidth": "20.0",
                "expectedPixels": [
                    {
                        "x": 2367,
                        "y": 1066,
                        "value": 0.0441
                    },
                    {
                        "x": 475,
                        "y": 1621,
                        "value": 0.032
                    }
                ]
            },
            {
                "name": "B3",
                "description": "Reflectance in band B3",
                "bandWidth": 9959,
                "bandHeight": 3818,
                "geophysicalUnit": "dl",
                "noDataValue": "-0.1",
                "noDataValueUsed": "false",
                "spectralWavelength": "560.0",
                "spectralBandwidth": "35.0",
                "expectedPixels": [
                    {
                        "x": 4631,
                        "y": 3418,
                        "value": 0.0524
                    },
                    {
                        "x": 8639,
                        "y": 2290,
                        "value": "NaN"
                    }
                ]
            },
            {
                "name": "B5",
                "description": "Reflectance in band B5",
                "bandWidth": 4979,
                "bandHeight": 1908,
                "geophysicalUnit": "dl",
                "noDataValue": "-0.1",
                "noDataValueUsed": "false",
                "spectralWavelength": "705.0",
                "spectralBandwidth": "15.0",
                "expectedPixels": [
                    {
                        "x": 3661,
                        "y": 1135,
                        "value": 0.1072
                    },
                    {
                        "x": 4860,
                        "y": 354,
                        "value": "NaN"
                    }
                ]
            }
        ],
        "metadata": [
            {
                "path": "Level-2A_User_Product/Geometric_Info/Product_Footprint/Product_Footprint/Global_Footprint/EXT_POS_LIST",
                "value": "68.49481097388576 18.554118334472086 68.51246242346805 21.23875663515723 67.52764088557839 21.228809912145564 67.51083911140967 18.655899983942412 68.49481097388576 18.554118334472086"
            },
            {
                "path": "history/SubsetInfo/SubRegion.height",
                "value": "3818"
            },
            {
                "path": "history/SubsetInfo/SubRegion.x",
                "value": "0"
            },
            {
                "path": "history/SubsetInfo/SubSampling.y",
                "value": "1"
            },
            {
                "path": "history/SubsetInfo/SubRegion.width",
                "value": "9959"
            },
            {
                "path": "Granules/Level-2A_Tile_34WDA/Geometric_Info/Tile_Angles/Viewing_Incidence_Angles_Grids[81]/Azimuth/Values_List/VALUES[12]",
                "value": "NaN NaN NaN NaN NaN NaN NaN 99.9358 99.2967 98.562 97.7068 96.7042 95.5249 NaN NaN NaN NaN NaN NaN NaN NaN NaN NaN"
            },
            {
                "path": "Level-2A_User_Product/Quality_Indicators_Info/Technical_Quality_Assessment/DEGRADED_MSI_DATA_PERCENTAGE",
                "value": "0"
            },
            {
                "path": "Level-2A_User_Product/Quality_Indicators_Info/Quality_Control_Checks/Quality_Inspections/quality_check",
                "value": "FAILED"
            },
            {
                "path": "Level-2A_DataStrip_ID/General_Info/Datatake_Info/SPACECRAFT_NAME",
                "value": "Sentinel-2A"
            },
            {
                "path": "Granules/Level-2A_Tile_34WDA/General_Info/Archiving_Info/metadataLevel",
                "value": "Expertise"
            }
        ]
    }
}