{
  "id": "tempLandsat8L2F",
  "decodeQualification": "INTENDED",
  "expectedContent": {
    "sceneWidth": 470,
    "sceneHeight": 301,
    "startTime": "21-JAN-2020 10:34:24.090000",
    "endTime": "21-JAN-2020 10:34:24.090000",
    "geoCoding": {
      "coordinates": [
        {
          "x": 103.0,
          "y": 108.0,
          "lat": 50.42529,
          "lon": 4.43506
        },
        {
          "x": 178.0,
          "y": 130.0,
          "lat": 50.41924,
          "lon": 4.45569
        }
      ],
      "reverseAccuracy": 0.38409
    },
    "bands": [
      {
        "name": "B1",
        "description": "Reflectance in band B1",
        "bandWidth": 470,
        "bandHeight": 301,
        "geophysicalUnit": "dl",
        "noDataValue": "NaN",
        "noDataValueUsed": "true",
        "spectralWavelength": "443.0",
        "spectralBandwidth": "58.0",
        "expectedPixels": [
          {
            "x": 12,
            "y": 35,
            "value": 0.384099
          },
          {
            "x": 165,
            "y": 170,
            "value": 0.325700
          }
        ]
      },
      {
        "name": "B2",
        "description": "Reflectance in band B2",
        "bandWidth": 470,
        "bandHeight": 301,
        "geophysicalUnit": "dl",
        "noDataValue": "NaN",
        "noDataValueUsed": "true",
        "spectralWavelength": "490.0",
        "spectralBandwidth": "130.0",
        "expectedPixels": [
          {
            "x": 70,
            "y": 51,
            "value": 0.5063999
          },
          {
            "x": 147,
            "y": 73,
            "value": 0.5296000
          }
        ]
      },
      {
        "name": "B3",
        "description": "Reflectance in band B3",
        "bandWidth": 470,
        "bandHeight": 301,
        "geophysicalUnit": "dl",
        "noDataValue": "NaN",
        "noDataValueUsed": "true",
        "spectralWavelength": "560.0",
        "spectralBandwidth": "100.0",
        "expectedPixels": [
          {
            "x": 132,
            "y": 149,
            "value": 0.2560999
          },
          {
            "x": 146,
            "y": 186,
            "value": 0.46320000
          }
        ]
      },
      {
        "name": "B4",
        "description": "Reflectance in band B4",
        "bandWidth": 470,
        "bandHeight": 301,
        "geophysicalUnit": "dl",
        "noDataValue": "NaN",
        "noDataValueUsed": "true",
        "spectralWavelength": "665.0",
        "spectralBandwidth": "90.0",
        "expectedPixels": [
          {
            "x": 38,
            "y": 133,
            "value": 0.5853999
          },
          {
            "x": 125,
            "y": 183,
            "value": 0.18009999
          }
        ]
      },
      {
        "name": "B8",
        "description": "Reflectance in band B8",
        "bandWidth": 470,
        "bandHeight": 301,
        "geophysicalUnit": "dl",
        "noDataValue": "NaN",
        "noDataValueUsed": "true",
        "spectralWavelength": "842.0",
        "spectralBandwidth": "175.0",
        "expectedPixels": [
          {
            "x": 234,
            "y": 121,
            "value": 0.4338000
          },
          {
            "x": 137,
            "y": 144,
            "value": 0.226699
          }
        ]
      },
      {
        "name": "B10",
        "description": "Reflectance in band B10",
        "bandWidth": 470,
        "bandHeight": 301,
        "geophysicalUnit": "dl",
        "noDataValue": "NaN",
        "noDataValueUsed": "true",
        "spectralWavelength": "1375",
        "spectralBandwidth": "75",
        "expectedPixels": [
          {
            "x": 58,
            "y": 101,
            "value": 1.83179998
          },
          {
            "x": 350,
            "y": 289,
            "value": 1.8255000
          }
        ]
      },
      {
        "name": "B8A",
        "description": "Reflectance in band B8A",
        "bandWidth": 470,
        "bandHeight": 301,
        "geophysicalUnit": "dl",
        "noDataValue": "NaN",
        "noDataValueUsed": "true",
        "spectralWavelength": "865.0",
        "spectralBandwidth": "79.0",
        "expectedPixels": [
          {
            "x": 55,
            "y": 100,
            "value": 0.53310000
          },
          {
            "x": 77,
            "y": 145,
            "value": 0.326900005
          }
        ]
      },
      {
        "name": "B11",
        "description": "Reflectance in band B11",
        "bandWidth": 470,
        "bandHeight": 301,
        "geophysicalUnit": "dl",
        "noDataValue": "NaN",
        "noDataValueUsed": "true",
        "spectralWavelength": "1610.0",
        "spectralBandwidth": "172.0",
        "expectedPixels": [
          {
            "x": 235,
            "y": 73,
            "value": 0.56569999
          },
          {
            "x": 228,
            "y": 190,
            "value": 0.5882999
          }
        ]
      },
      {
        "name": "B12",
        "description": "Reflectance in band B12",
        "bandWidth": 470,
        "bandHeight": 301,
        "geophysicalUnit": "dl",
        "noDataValue": "NaN",
        "noDataValueUsed": "true",
        "spectralWavelength": "2190.0",
        "spectralBandwidth": "276.0",
        "expectedPixels": [
          {
            "x": 26,
            "y": 90,
            "value": 0.7500000
          },
          {
            "x": 137,
            "y": 113,
            "value": 0.52990001
          }
        ]
      }
    ],
    "metadata": [
      
    ]
  }
}