{
  "id": "tempEcostressL4WUE",
  "decodeQualification": "INTENDED",
  "expectedContent": {
    "sceneWidth": 542,
    "sceneHeight": 401,
    "startTime": "25-FEB-2023 15:40:40.439713",
    "endTime": "25-FEB-2023 15:40:40.439713",
    "geoCoding": {
      "coordinates": [
        {
          "x": 233.0,
          "y": 215.0,
          "lat": 52.43083317498715,
          "lon": -124.67693892549791
        },
        {
          "x": 402.0,
          "y": 260.0,
          "lat": 52.394400753277985,
          "lon": -124.54011494174573
        }
      ],
      "reverseAccuracy": 7.275957614183426E-12
    },
    "bands": [
      {
        "name": "Water__Use__Efficiency_WUEavg",
        "description": "",
        "bandWidth": 542,
        "bandHeight": 401,
        "geophysicalUnit": "ratio GPP/ET",
        "noDataValue": "NaN",
        "noDataValueUsed": "true",
        "spectralWavelength": "0.0",
        "spectralBandwidth": "0.0",
        "expectedPixels": [
          {
            "x": 28,
            "y": 71,
            "value": "NaN"
          },
          {
            "x": 371,
            "y": 341,
            "value": "NaN"
          }
        ]
      }
    ],
    "metadata": [
      {
        "path": "L4_WUE_Metadata/AncillaryFileGPP",
        "value": "MOD17A2H.A2023041.h09v03.006.2023050164012.hdf,MOD17A2H.A2023041.h09v04.006.2023050165049.hdf,MOD17A2H.A2023041.h10v03.006.2023050163936.hdf,MOD17A2H.A2023041.h10v04.006.2023050164932.hdf"
      },
      {
        "path": "Processing_Graph/node.1/parameters/copyMetadata",
        "value": "true"
      },
      {
        "path": "Processing_Graph/node.3/sources/sourceProduct",
        "value": "Reproject"
      },
      {
        "path": "Processing_Graph/node.3/parameters/deleteOutputOnFailure",
        "value": "true"
      },
      {
        "path": "history/SubsetInfo/SubSampling.y",
        "value": "1"
      },
      {
        "path": "history/SubsetInfo/SubRegion.x",
        "value": "100"
      },
      {
        "path": "L4_WUE_Metadata/AncillaryFileGPP",
        "value": "MOD17A2H.A2023041.h09v03.006.2023050164012.hdf,MOD17A2H.A2023041.h09v04.006.2023050165049.hdf,MOD17A2H.A2023041.h10v03.006.2023050163936.hdf,MOD17A2H.A2023041.h10v04.006.2023050164932.hdf"
      },
      {
        "path": "L4_WUE_Metadata/AncillaryFileGPP",
        "value": "MOD17A2H.A2023041.h09v03.006.2023050164012.hdf,MOD17A2H.A2023041.h09v04.006.2023050165049.hdf,MOD17A2H.A2023041.h10v03.006.2023050163936.hdf,MOD17A2H.A2023041.h10v04.006.2023050164932.hdf"
      },
      {
        "path": "history/SubsetInfo/SubRegion.y",
        "value": "100"
      },
      {
        "path": "L4_WUE_Metadata/AncillaryFiles",
        "value": "1"
      }
    ]
  }
}