{
  "id": "tempMergeWaterSoilOp",
  "decodeQualification": "INTENDED",
  "expectedContent": {
    "sceneWidth": 300,
    "sceneHeight": 300,
    "geoCoding": {
      "coordinates": [
        {
          "x": 129.0,
          "y": 161.0,
          "lat": -33.997550770675396,
          "lon": 22.695403893002247
        },
        {
          "x": 222.0,
          "y": 194.0,
          "lat": -34.003221417975745,
          "lon": 22.715655222867895
        }
      ],
      "reverseAccuracy": 1.1314114090055227E-8
    },
    "flagCodings": [
      {
        "name": "flags",
        "samples": [
          {
            "name": "ARITHMETIC",
            "value": 1,
            "description": "Value calculation failed due to an arithmetic exception"
          },
          {
            "name": "NEGATIVE",
            "value": 2,
            "description": "Index value is too low"
          },
          {
            "name": "SATURATION",
            "value": 4,
            "description": "Index value is too high"
          }
        ]
      }
    ],
    "bands": [
      {
        "name": "flags",
        "description": "Subset_S2A_MSIL1C_20161206T080312_N0204_R035_T34HFH_20161206T081929_resampled_ri specific flags",
        "bandWidth": 300,
        "bandHeight": 300,
        "noDataValue": "0.0",
        "noDataValueUsed": "false",
        "spectralWavelength": "0.0",
        "spectralBandwidth": "0.0",
        "expectedPixels": [
          {
            "x": 15,
            "y": 53,
            "value": 4.0
          },
          {
            "x": 205,
            "y": 255,
            "value": 4.0
          }
        ]
      },
      {
        "name": "Subset_S2A_MSIL1C_20161206T080312_N0204_R035_T34HFH_20161206T081929_resampled_ri",
        "description": "",
        "bandWidth": 300,
        "bandHeight": 300,
        "noDataValue": "0.0",
        "noDataValueUsed": "false",
        "spectralWavelength": "0.0",
        "spectralBandwidth": "0.0",
        "expectedPixels": [
          {
            "x": 87,
            "y": 77,
            "value": 8.202619
          },
          {
            "x": 183,
            "y": 109,
            "value": 9.814944
          }
        ]
      },
      {
        "name": "Subset_S2A_MSIL1C_20161206T080312_N0204_R035_T34HFH_20161206T081929_resampled_ndti",
        "description": "",
        "bandWidth": 300,
        "bandHeight": 300,
        "noDataValue": "0.0",
        "noDataValueUsed": "false",
        "spectralWavelength": "0.0",
        "spectralBandwidth": "0.0",
        "expectedPixels": [
          {
            "x": 165,
            "y": 223,
            "value": -0.04682869
          },
          {
            "x": 182,
            "y": 278,
            "value": -0.102543995
          }
        ]
      },
      {
        "name": "flags_2",
        "description": "Subset_S2A_MSIL1C_20161206T080312_N0204_R035_T34HFH_20161206T081929_resampled_ndti specific flags",
        "bandWidth": 300,
        "bandHeight": 300,
        "noDataValue": "0.0",
        "noDataValueUsed": "false",
        "spectralWavelength": "0.0",
        "spectralBandwidth": "0.0",
        "expectedPixels": [
          {
            "x": 47,
            "y": 199,
            "value": 0.0
          },
          {
            "x": 155,
            "y": 274,
            "value": 0.0
          }
        ]
      }
    ],
    "masks": [
      {
        "name": "ARITHMETIC",
        "type": "org.esa.snap.core.datamodel.Mask$BandMathsType",
        "color": "255,0,0",
        "description": "An arithmetic exception occurred."
      },
      {
        "name": "NEGATIVE",
        "type": "org.esa.snap.core.datamodel.Mask$BandMathsType",
        "color": "255,0,0",
        "description": "Index value is too low."
      },
      {
        "name": "SATURATION",
        "type": "org.esa.snap.core.datamodel.Mask$BandMathsType",
        "color": "178,0,0",
        "description": "Index value is too high."
      }
    ],
    "metadata": [
      {
        "path": "Processing_Graph/node.1/parameters/geographicError",
        "value": "1.0E-5"
      },
      {
        "path": "Processing_Graph/node.3/sources/sourceProduct",
        "value": "BandMerge"
      },
      {
        "path": "Processing_Graph/node.0/sources/sourceProduct",
        "value": "product:Subset_S2A_MSIL1C_20161206T080312_N0204_R035_T34HFH_20161206T081929_resampled"
      },
      {
        "path": "Processing_Graph/node.2/parameters/resampleType",
        "value": "None"
      },
      {
        "path": "Processing_Graph/node.1/sources/sourceProduct.1",
        "value": "NdtiOp"
      },
      {
        "path": "Processing_Graph/node.1/sources/sourceProduct",
        "value": "RiOp"
      },
      {
        "path": "Processing_Graph/node.0/parameters/greenSourceBand",
        "value": "B3"
      },
      {
        "path": "Processing_Graph/node.1/parameters/geographicError",
        "value": "1.0E-5"
      },
      {
        "path": "Processing_Graph/node.1/parameters/geographicError",
        "value": "1.0E-5"
      },
      {
        "path": "Processing_Graph/node.2/sources/sourceProduct",
        "value": "product:Subset_S2A_MSIL1C_20161206T080312_N0204_R035_T34HFH_20161206T081929_resampled"
      }
    ]
  }
}