{
  "id" : "s1tbx.standard.multilook.rs2",
  "decodeQualification" : "INTENDED",
  "expectedContent" : {
    "sceneWidth" : 166,
    "sceneHeight" : 62,
    "geoCoding" : {
      "coordinates" : [ {
        "x" : 83.0,
        "y" : 31.0,
        "lat" : 49.394271850407556,
        "lon" : -123.1538467967622
      } ]
    },
    "tiePointGrids" : [ {
      "name" : "latitude",
      "description" : "",
      "offsetX" : 0.0,
      "offsetY" : 0.0,
      "subSamplingX" : 16.600000381469727,
      "subSamplingY" : 6.199999809265137,
      "expectedPixels" : [ {
        "x" : 83.0,
        "y" : 31.0,
        "value" : 49.394062
      } ]
    }, {
      "name" : "longitude",
      "description" : "",
      "offsetX" : 0.0,
      "offsetY" : 0.0,
      "subSamplingX" : 16.600000381469727,
      "subSamplingY" : 6.199999809265137,
      "expectedPixels" : [ {
        "x" : 83.0,
        "y" : 31.0,
        "value" : -123.15365
      } ]
    }, {
      "name" : "incident_angle",
      "description" : "",
      "offsetX" : 0.0,
      "offsetY" : 0.0,
      "subSamplingX" : 16.600000381469727,
      "subSamplingY" : 6.199999809265137,
      "expectedPixels" : [ {
        "x" : 83.0,
        "y" : 31.0,
        "value" : 21.504793
      } ]
    }, {
      "name" : "slant_range_time",
      "description" : "",
      "offsetX" : 0.0,
      "offsetY" : 0.0,
      "subSamplingX" : 16.600000381469727,
      "subSamplingY" : 6.199999809265137,
      "expectedPixels" : [ {
        "x" : 83.0,
        "y" : 31.0,
        "value" : 5678976.0
      } ]
    } ],
    "bands" : [ {
      "name" : "Intensity_HH",
      "description" : "",
      "bandWidth" : 166,
      "bandHeight" : 62,
      "noDataValue" : 0.0,
      "noDataValueUsed" : true,
      "spectralWavelength" : 0.0,
      "spectralBandwidth" : 0.0,
      "expectedPixels" : [ {
        "x" : 83.0,
        "y" : 31.0,
        "value" : 934270.0
      } ]
    }, {
      "name" : "Intensity_HV",
      "description" : "",
      "bandWidth" : 166,
      "bandHeight" : 62,
      "noDataValue" : 0.0,
      "noDataValueUsed" : true,
      "spectralWavelength" : 0.0,
      "spectralBandwidth" : 0.0,
      "expectedPixels" : [ {
        "x" : 83.0,
        "y" : 31.0,
        "value" : 143461.625
      } ]
    }, {
      "name" : "Intensity_VH",
      "description" : "",
      "bandWidth" : 166,
      "bandHeight" : 62,
      "noDataValue" : 0.0,
      "noDataValueUsed" : true,
      "spectralWavelength" : 0.0,
      "spectralBandwidth" : 0.0,
      "expectedPixels" : [ {
        "x" : 83.0,
        "y" : 31.0,
        "value" : 172262.0
      } ]
    }, {
      "name" : "Intensity_VV",
      "description" : "",
      "bandWidth" : 166,
      "bandHeight" : 62,
      "noDataValue" : 0.0,
      "noDataValueUsed" : true,
      "spectralWavelength" : 0.0,
      "spectralBandwidth" : 0.0,
      "expectedPixels" : [ {
        "x" : 83.0,
        "y" : 31.0,
        "value" : 914636.0
      } ]
    } ],
    "masks" : [ ]
  }
}