{
  "id" : "s1tbx.standard.terraincorrect.s1.grd",
  "decodeQualification" : "INTENDED",
  "expectedContent" : {
    "sceneWidth" : 619,
    "sceneHeight" : 594,
    "geoCoding" : {
      "coordinates" : [ {
        "x" : 309.0,
        "y" : 297.0,
        "lat" : 19.184889992335094,
        "lon" : -155.78391382961968
      } ]
    },
    "tiePointGrids" : [ ],
    "bands" : [ {
      "name" : "Amplitude_VH",
      "description" : "",
      "bandWidth" : 619,
      "bandHeight" : 594,
      "noDataValue" : 0.0,
      "noDataValueUsed" : true,
      "spectralWavelength" : 0.0,
      "spectralBandwidth" : 0.0,
      "expectedPixels" : [ {
        "x" : 309.0,
        "y" : 297.0,
        "value" : 127.562248229
      } ]
    }, {
      "name" : "Amplitude_VV",
      "description" : "",
      "bandWidth" : 619,
      "bandHeight" : 594,
      "noDataValue" : 0.0,
      "noDataValueUsed" : true,
      "spectralWavelength" : 0.0,
      "spectralBandwidth" : 0.0,
      "expectedPixels" : [ {
        "x" : 309.0,
        "y" : 297.0,
        "value" : 214.40361
      } ]
    } ],
    "masks" : [ ]
  }
}