{
  "id" : "s1tbx.standard.calibrate.alos",
  "decodeQualification" : "INTENDED",
  "expectedContent" : {
    "sceneWidth" : 500,
    "sceneHeight" : 500,
    "geoCoding" : {
      "coordinates" : [ {
        "x" : 250.0,
        "y" : 250.0,
        "lat" : 47.0400858917007,
        "lon" : -77.26796537474873
      } ]
    },
    "tiePointGrids" : [ {
      "name" : "latitude",
      "description" : "",
      "offsetX" : -99.5,
      "offsetY" : -99.5,
      "subSamplingX" : 411.1111111111111,
      "subSamplingY" : 333.3333333333333,
      "expectedPixels" : [ {
        "x" : 250.0,
        "y" : 250.0,
        "value" : 47.039554595947266
      } ]
    }, {
      "name" : "longitude",
      "description" : "",
      "offsetX" : -99.5,
      "offsetY" : -99.5,
      "subSamplingX" : 411.1111111111111,
      "subSamplingY" : 333.3333333333333,
      "expectedPixels" : [ {
        "x" : 250.0,
        "y" : 250.0,
        "value" : -77.26743
      } ]
    }, {
      "name" : "slant_range_time",
      "description" : "",
      "offsetX" : -100.0,
      "offsetY" : -100.0,
      "subSamplingX" : 370.0,
      "subSamplingY" : 300.0,
      "expectedPixels" : [ {
        "x" : 250.0,
        "y" : 250.0,
        "value" : 5998197.0
      } ]
    }, {
      "name" : "incident_angle",
      "description" : "",
      "offsetX" : -100.0,
      "offsetY" : -100.0,
      "subSamplingX" : 370.0,
      "subSamplingY" : 300.0,
      "expectedPixels" : [ {
        "x" : 250.0,
        "y" : 250.0,
        "value" : 41.202656
      } ]
    } ],
    "bands" : [ {
      "name" : "Sigma0_HH",
      "description" : "",
      "bandWidth" : 500,
      "bandHeight" : 500,
      "noDataValue" : 0.0,
      "noDataValueUsed" : true,
      "spectralWavelength" : 0.0,
      "spectralBandwidth" : 0.0,
      "expectedPixels" : [ {
        "x" : 250.0,
        "y" : 250.0,
        "value" : 0.04429858
      } ]
    } ],
    "masks" : [ ]
  }
}