{
"id" : "s1tbx.insar.vhmop",
  "decodeQualification" : "INTENDED",
  "expectedContent" : {
    "sceneWidth" : 9522,
    "sceneHeight" : 3992,
    "geoCoding" : {
      "coordinates" : [ {
        "x" :  4761,
        "y" :  1996,
        "lat" : 43.141446394811986,  
        "lon" : 13.144093269180821
      } ]
    },
    "tiePointGrids" : [ ],
    "bands" : [ {
      "name" : "horizontalMotion",
      "description" : "",
      "bandWidth" : 9522,
      "bandHeight" : 3992,
      "noDataValue" : "NaN",
      "noDataValueUsed" : true,
      "spectralWavelength" : 0.0,
      "spectralBandwidth" : 0.0,
      "expectedPixels" : [ {
        "x" : 4761,
        "y" : 1996,
        "value" : -13.66190
      } ]
    }, {
      "name" : "verticalMotion",
      "description" : "",
      "bandWidth" : 9522,
      "bandHeight" : 3992,
      "noDataValue" : "NaN",
      "noDataValueUsed" : true,
      "spectralWavelength" : 0.0,
      "spectralBandwidth" : 0.0,
      "expectedPixels" : [ {
        "x" : 4761,
        "y" : 1996,
        "value" : -2.02121
      } ]
    
    } ],
    "masks" : [ ]
  }
}
