{
"id" : "s1tbx.insar.multimasterop",
  "decodeQualification" : "INTENDED",
  "expectedContent" : {
    "sceneWidth" : 2000,
    "sceneHeight" : 2000,
    "geoCoding" : {
      "coordinates" : [ {
        "x" :  1000,
        "y" :  1000,
        "lat" : -45.3477777778,  
        "lon" : -68.29140383616229
      } ]
    },
    "tiePointGrids" : [ {
      "name" : "latitude",
      "description" : "",
      "offsetX" : -439.5,
      "offsetY" : -67.5,
      "subSamplingX" : 520.0,
      "subSamplingY" : 2322.0,
      "expectedPixels" : [ {
        "x" : 1000,
        "y" : 1000,
        "value" : -45.347725
      } ]
    }, {
      "name" : "longitude",
      "description" : "",
      "offsetX" : -439.5,
      "offsetY" : -67.5,
      "subSamplingX" : 520.0,
      "subSamplingY" : 2322.0,
      "expectedPixels" : [ {
        "x" : 1000,
        "y" : 1000,
        "value" : -68.29153442382812
      } ]
    }, {
      "name" : "incident_angle",
      "description" : "",
      "offsetX" : -439.5,
      "offsetY" : -67.5,
      "subSamplingX" : 520.0,
      "subSamplingY" : 2322.0,
      "expectedPixels" : [ {
        "x" : 1000,
        "y" : 1000,
        "value" : 23.594433
      } ]
    }, {
      "name" : "slant_range_time",
      "description" : "",
      "offsetX" : -439.5,
      "offsetY" : -67.5,
      "subSamplingX" : 520.0,
      "subSamplingY" : 2322.0,
      "expectedPixels" : [ {
        "x" : 1000,
        "y" : 1000,
        "value" : 5775668.5
      } ]
    } ],
    "bands" : [ {
      "name" : "wavenumber_slv1_25Aug2007",
      "description" : "",
      "bandWidth" : 2000,
      "bandHeight" : 2000,
      "noDataValue" : 0.0,
      "noDataValueUsed" : false,
      "spectralWavelength" : 0.0,
      "spectralBandwidth" : 0.0,
      "expectedPixels" : [ {
        "x" : 1000,
        "y" : 1000,
        "value" : 0.1415272355079651
      } ]
    }, {
      "name" : "wavenumber_slv2_26Apr2008",
      "description" : "",
      "bandWidth" : 2000,
      "bandHeight" : 2000,
      "noDataValue" : 0.0,
      "noDataValueUsed" : false,
      "spectralWavelength" : 0.0,
      "spectralBandwidth" : 0.0,
      "expectedPixels" : [ {
        "x" : 1000,
        "y" : 1000,
        "value" : 0.29783928394317627
      } ]
    }, {
    "name" : "elevation",
      "description" : "",
      "bandWidth" : 2000,
      "bandHeight" : 2000,
      "noDataValue" : 0.0,
      "noDataValueUsed" : false,
      "spectralWavelength" : 0.0,
      "spectralBandwidth" : 0.0,
      "expectedPixels" : [ {
        "x" : 1000,
        "y" : 1000,
        "value" : 362.7492370605469
      } ]
    }, {
      "name" : "incidenceAngle",
       "description" : "",
      "bandWidth" : 2000,
      "bandHeight" : 2000,
      "noDataValue" : "NaN",
      "noDataValueUsed" : true,
      "spectralWavelength" : 0.0,
      "spectralBandwidth" : 0.0,
      "expectedPixels" : [ {
        "x" : 1000,
        "y" : 1000,
        "value" : 23.526874542236328
      } ]
    }, {
      "name" : "lat",
      "description" : "",
      "bandWidth" : 2000,
      "bandHeight" : 2000,
      "noDataValue" :  "NaN",
      "noDataValueUsed" : true,
      "spectralWavelength" : 0.0,
      "spectralBandwidth" : 0.0,
      "expectedPixels" : [ {
        "x" : 1000,
        "y" : 1000,
        "value" : -45.34805
      } ]
    }, {
      "name" : "lon",
      "description" : "",
      "bandWidth" : 2000,
      "bandHeight" : 2000,
      "noDataValue" : "NaN",
      "noDataValueUsed" : true,
      "spectralWavelength" : 0.0,
      "spectralBandwidth" : 0.0,
      "expectedPixels" : [ {
        "x" : 1000,
        "y" : 1000,
        "value" : -68.29001
      } ]
}, {
      "name" : "i_ifg_23Dec2006_25Aug2007",
      "description" : "",
      "bandWidth" : 2000,
      "bandHeight" : 2000,
      "noDataValue" : 0.0,
      "noDataValueUsed" : true,
      "spectralWavelength" : 0.0,
      "spectralBandwidth" : 0.0,
      "expectedPixels" : [ {
        "x" : 1000,
        "y" : 1000,
        "value" : -1264.608
      } ]
}, {
      "name" : "q_ifg_23Dec2006_25Aug2007",
      "description" : "",
      "bandWidth" : 2000,
      "bandHeight" : 2000,
      "noDataValue" :0.0,
      "noDataValueUsed" : true,
      "spectralWavelength" : 0.0,
      "spectralBandwidth" : 0.0,
      "expectedPixels" : [ {
        "x" : 1000,
        "y" : 1000,
        "value" : 1196.61962890625
      } ]
}, {
      "name" : "Intensity_ifg_23Dec2006_25Aug2007",
      "description" : "",
      "bandWidth" : 2000,
      "bandHeight" : 2000,
      "noDataValue" :0.0,
      "noDataValueUsed" : true,
      "spectralWavelength" : 0.0,
      "spectralBandwidth" : 0.0,
      "expectedPixels" : [ {
        "x" : 1000,
        "y" : 1000,
        "value" : 3031130.00000
      } ]
}, {
      "name" : "Phase_ifg_23Dec2006_25Aug2007",
      "description" : "",
      "bandWidth" : 2000,
      "bandHeight" : 2000,
      "noDataValue" :0.0,
      "noDataValueUsed" : true,
      "spectralWavelength" : 0.0,
      "spectralBandwidth" : 0.0,
      "expectedPixels" : [ {
        "x" : 1000,
        "y" : 1000,
        "value" : 2.3838109970092773
      } ]
}, {
      "name" : "coh_23Dec2006_25Aug2007",
      "description" : "",
      "bandWidth" : 2000,
      "bandHeight" : 2000,
      "noDataValue" : "NaN",
      "noDataValueUsed" : true,
      "spectralWavelength" : 0.0,
      "spectralBandwidth" : 0.0,
      "expectedPixels" : [ {
        "x" : 1000,
        "y" : 1000,
        "value" : 0.16726721823215485
      } ]
}, {
      "name" : "i_ifg_25Aug2007_26Apr2008",
      "description" : "",
      "bandWidth" : 2000,
      "bandHeight" : 2000,
      "noDataValue" :0.0,
      "noDataValueUsed" : true,
      "spectralWavelength" : 0.0,
      "spectralBandwidth" : 0.0,
      "expectedPixels" : [ {
        "x" : 1000,
        "y" : 1000,
        "value" : -390.69305419921875
      } ]
}, {
      "name" : "q_ifg_25Aug2007_26Apr2008",
      "description" : "",
      "bandWidth" : 2000,
      "bandHeight" : 2000,
      "noDataValue" :0.0,
      "noDataValueUsed" : true,
      "spectralWavelength" : 0.0,
      "spectralBandwidth" : 0.0,
      "expectedPixels" : [ {
        "x" : 1000,
        "y" : 1000,
        "value" : -1282.017578125
      } ]
}, {
      "name" : "Intensity_ifg_25Aug2007_26Apr2008",
      "description" : "",
      "bandWidth" : 2000,
      "bandHeight" : 2000,
      "noDataValue" :0.0,
      "noDataValueUsed" : true,
      "spectralWavelength" : 0.0,
      "spectralBandwidth" : 0.0,
      "expectedPixels" : [ {
        "x" : 1000,
        "y" : 1000,
        "value" : 1796209.87500
      } ]
}, {
      "name" : "Phase_ifg_25Aug2007_26Apr2008",
      "description" : "",
      "bandWidth" : 2000,
      "bandHeight" : 2000,
      "noDataValue" :0.0,
      "noDataValueUsed" : true,
      "spectralWavelength" : 0.0,
      "spectralBandwidth" : 0.0,
      "expectedPixels" : [ {
        "x" : 1000,
        "y" : 1000,
        "value" : -1.866603970527649
      } ]
}, {
      "name" : "coh_25Aug2007_26Apr2008",
      "description" : "",
      "bandWidth" : 2000,
      "bandHeight" : 2000,
      "noDataValue" : "NaN",
      "noDataValueUsed" : true,
      "spectralWavelength" : 0.0,
      "spectralBandwidth" : 0.0,
      "expectedPixels" : [ {
        "x" : 1000,
        "y" : 1000,
        "value" : 0.24565963447093964
      } ]
    } ],
    "masks" : [ ]
  }
}
