{
    "id": "subsetS2EvoTestRef_B1B2",
    "decodeQualification": "INTENDED",
    "expectedContent": {
        "sceneWidth": 402,
        "sceneHeight": 402,
        "startTime": "17-MAY-2021 10:36:19.024000",
        "endTime": "17-MAY-2021 10:36:19.024000",
        "geoCoding": {
            "coordinates": [
                {
                    "x": 173.0,
                    "y": 216.0,
                    "lat": 18.0134419857091,
                    "lon": -3.8721123115069322
                },
                {
                    "x": 298.0,
                    "y": 260.0,
                    "lat": 18.009518258994195,
                    "lon": -3.8602857182441435
                }
            ],
            "reverseAccuracy": 4.43833414465189E-10
        },
        "tiePointGrids": [
            {
                "name": "tco3",
                "description": "Total column water vapour at surface level provided by ECMWF",
                "offsetX": "-598.5",
                "offsetY": "-598.5",
                "subSamplingX": "1220.0",
                "subSamplingY": "1220.0",
                "expectedPixels": [
                    {
                        "x": 20,
                        "y": 71,
                        "value": 25.234478
                    },
                    {
                        "x": 275,
                        "y": 341,
                        "value": 25.212786
                    }
                ]
            },
            {
                "name": "tcwv",
                "description": "Total column ozone at surface level provided by ECMWF",
                "offsetX": "-598.5",
                "offsetY": "-598.5",
                "subSamplingX": "1220.0",
                "subSamplingY": "1220.0",
                "expectedPixels": [
                    {
                        "x": 116,
                        "y": 103,
                        "value": 0.0055937646
                    },
                    {
                        "x": 245,
                        "y": 146,
                        "value": 0.005593671
                    }
                ]
            },
            {
                "name": "msl",
                "description": "Mean sea level pressure at surface level provided by ECMWF",
                "offsetX": "-598.5",
                "offsetY": "-598.5",
                "subSamplingX": "1220.0",
                "subSamplingY": "1220.0",
                "expectedPixels": [
                    {
                        "x": 221,
                        "y": 299,
                        "value": 100879.86
                    },
                    {
                        "x": 244,
                        "y": 373,
                        "value": 100879.984
                    }
                ]
            },
            {
                "name": "r",
                "description": "Relative humidity at surface level provided by ECMWF",
                "offsetX": "-598.5",
                "offsetY": "-598.5",
                "subSamplingX": "1220.0",
                "subSamplingY": "1220.0",
                "expectedPixels": [
                    {
                        "x": 63,
                        "y": 267,
                        "value": 11.335182
                    },
                    {
                        "x": 208,
                        "y": 367,
                        "value": 11.347611
                    }
                ]
            },
            {
                "name": "bcaod550",
                "description": "Black Carbon Aerosol Optical Depth at 550nm at surface level provided by CAMS",
                "offsetX": "-598.5",
                "offsetY": "-598.5",
                "subSamplingX": "1220.0",
                "subSamplingY": "1220.0",
                "expectedPixels": [
                    {
                        "x": 303,
                        "y": 194,
                        "value": 0.0068273717
                    },
                    {
                        "x": 382,
                        "y": 195,
                        "value": 0.006819451
                    }
                ]
            }
        ],
        "bands": [
            {
                "name": "B1",
                "description": "Reflectance in band B1",
                "bandWidth": 200,
                "bandHeight": 200,
                "geophysicalUnit": "dl",
                "noDataValue": "-0.1",
                "noDataValueUsed": "false",
                "spectralWavelength": "443.0",
                "spectralBandwidth": "58.0",
                "expectedPixels": [
                    {
                        "x": 68,
                        "y": 179,
                        "value": 0.1435
                    },
                    {
                        "x": 1,
                        "y": 94,
                        "value": 0.1301
                    }
                ]
            },
            {
                "name": "B2",
                "description": "Reflectance in band B2",
                "bandWidth": 402,
                "bandHeight": 402,
                "geophysicalUnit": "dl",
                "noDataValue": "-0.1",
                "noDataValueUsed": "false",
                "spectralWavelength": "490.0",
                "spectralBandwidth": "130.0",
                "expectedPixels": [
                    {
                        "x": 131,
                        "y": 79,
                        "value": 0.1884
                    },
                    {
                        "x": 109,
                        "y": 17,
                        "value": 0.1866
                    }
                ]
            }
        ],
        "metadata": [
            {
                "path": "history/SubsetInfo/ProductNodeName.3",
                "value": "msl"
            },
            {
                "path": "Level-2A_DataStrip_ID/Quality_Indicators_Info/Geometric_Info/Geometric_Refining_Quality/Image_Refining/Correlation_Quality/Local_Residual_List/Local_Residual/Y_MEAN",
                "value": "0.008237"
            },
            {
                "path": "Level-2A_User_Product/Quality_Indicators_Info/Quality_Control_Checks/Failed_Inspections/Granule_Report/granuleId",
                "value": "S2B_OPER_MSI_L2A_TL_VGSR_20211004T113819_A021913_T30QVE_N79.90"
            },
            {
                "path": "Granules/Level-2A_Tile_30QVE/Geometric_Info/Tile_Angles/Viewing_Incidence_Angles_Grids[41]/Zenith/Values_List/VALUES",
                "value": "NaN NaN NaN NaN NaN NaN NaN NaN NaN NaN NaN NaN NaN NaN NaN NaN NaN NaN NaN NaN 6.15117 6.53962 6.92808"
            },
            {
                "path": "Granules/Level-2A_Tile_30QVE/Quality_Indicators_Info/Image_Content_QI/AOT_RETRIEVAL_ACCURACY",
                "value": "0.0"
            },
            {
                "path": "history/SubsetInfo/ProductNodeName.6",
                "value": "B1"
            },
            {
                "path": "history/SubsetInfo/ProductNodeName.3",
                "value": "msl"
            },
            {
                "path": "Processing_Graph/node.0/parameters/copyMetadata",
                "value": "true"
            },
            {
                "path": "Granules/Level-2A_Tile_30QVE/General_Info/Archiving_Info/metadataLevel",
                "value": "Expertise"
            },
            {
                "path": "Level-2A_User_Product/Geometric_Info/Coordinate_Reference_System/GEO_TABLES",
                "value": "EPSG"
            }
        ]
    }
}