{
    "id": "subsetS2TestB1B3B5_polygonRegionVectorFile_TXT_B3Ref",
    "decodeQualification": "INTENDED",
    "expectedContent": {
        "sceneWidth": 10638,
        "sceneHeight": 10717,
        "startTime": "28-JUL-2021 10:30:31.024000",
        "endTime": "28-JUL-2021 10:30:31.024000",
        "geoCoding": {
            "coordinates": [
                {
                    "x": 4588.0,
                    "y": 5761.0,
                    "lat": 67.98096848919417,
                    "lon": 19.751576227966805
                },
                {
                    "x": 7898.0,
                    "y": 6954.0,
                    "lat": 67.8780638232715,
                    "lon": 20.544788096530752
                }
            ],
            "reverseAccuracy": 1.7462298274040222E-9
        },
        "bands": [
            {
                "name": "B1",
                "description": "Reflectance in band B1",
                "bandWidth": 5320,
                "bandHeight": 5359,
                "geophysicalUnit": "dl",
                "noDataValue": "-0.1",
                "noDataValueUsed": "false",
                "spectralWavelength": "443.0",
                "spectralBandwidth": "20.0",
                "expectedPixels": [
                    {
                        "x": 2529,
                        "y": 2996,
                        "value": 0.0249
                    },
                    {
                        "x": 507,
                        "y": 4554,
                        "value": "NaN"
                    }
                ]
            },
            {
                "name": "B3",
                "description": "Reflectance in band B3",
                "bandWidth": 10638,
                "bandHeight": 10717,
                "geophysicalUnit": "dl",
                "noDataValue": "-0.1",
                "noDataValueUsed": "false",
                "spectralWavelength": "560.0",
                "spectralBandwidth": "35.0",
                "expectedPixels": [
                    {
                        "x": 1023,
                        "y": 833,
                        "value": "NaN"
                    },
                    {
                        "x": 4841,
                        "y": 7248,
                        "value": 0.0598
                    }
                ]
            },
            {
                "name": "B5",
                "description": "Reflectance in band B5",
                "bandWidth": 5320,
                "bandHeight": 5359,
                "geophysicalUnit": "dl",
                "noDataValue": "-0.1",
                "noDataValueUsed": "false",
                "spectralWavelength": "705.0",
                "spectralBandwidth": "15.0",
                "expectedPixels": [
                    {
                        "x": 2474,
                        "y": 4797,
                        "value": 0.0975
                    },
                    {
                        "x": 4614,
                        "y": 3215,
                        "value": "NaN"
                    }
                ]
            }
        ],
        "metadata": [
            {
                "path": "history/SubsetInfo/SubSampling.x",
                "value": "1"
            },
            {
                "path": "Granules/Level-2A_Tile_34WDA/Geometric_Info/Tile_Angles/Viewing_Incidence_Angles_Grids[16]/Zenith/Values_List/VALUES[6]",
                "value": "9.50017 9.14836 8.78793 8.43065 8.06975 NaN NaN NaN NaN NaN NaN NaN NaN NaN NaN NaN NaN NaN NaN NaN NaN NaN NaN"
            },
            {
                "path": "Granules/Level-2A_Tile_34WDA/General_Info/Archiving_Info/ARCHIVING_TIME",
                "value": "2021-11-19T16:20:30.454847Z"
            },
            {
                "path": "Level-2A_DataStrip_ID/Satellite_Ancillary_Data_Info/Ephemeris/AOCS_Ephemeris_List/AOCS_Ephemeris[373]/VALID_FLAG",
                "value": "true"
            },
            {
                "path": "Level-2A_User_Product/Auxiliary_Data_Info/GRI_List/GRI_FILENAME[2]",
                "value": "S2A_OPER_GRI_MSIL1B_MPC__20161018T120000_S20150928T103503"
            },
            {
                "path": "Level-2A_DataStrip_ID/Image_Data_Info/Sensor_Configuration/Time_Stamp/Band_Time_Stamp[10]/Detector[11]/detectorId",
                "value": "11"
            },
            {
                "path": "history/SubsetInfo/SubSampling.y",
                "value": "1"
            }
        ]
    }
}