{
  "id": "mergedLaiNDVIProduct",
  "decodeQualification": "INTENDED",
  "expectedContent": {
    "sceneWidth": 200,
    "sceneHeight": 200,
    "startTime": "10-JUL-2016 10:52:47.556000",
    "endTime": "10-JUL-2016 10:52:47.556000",
    "geoCoding": {
      "coordinates": [
        {
          "x": 86.0,
          "y": 107.0,
          "lat": 49.625469675726585,
          "lon": 1.638626787206008
        },
        {
          "x": 148.0,
          "y": 129.0,
          "lat": 49.62171372364598,
          "lon": 1.6559001156654312
        }
      ],
      "reverseAccuracy": 3.3760443329811096E-9
    },
    "flagCodings": [
      {
        "name": "lai_flags",
        "samples": [
          {
            "name": "INPUT_OUT_OF_RANGE",
            "value": 1,
            "description": "Input is out of definition domain"
          },
          {
            "name": "OUTPUT_THRESHOLDED_TO_MIN_OUTPUT",
            "value": 2,
            "description": "Output is lesser than minimum output, but within tolerance"
          },
          {
            "name": "OUTPUT_THRESHOLDED_TO_MAX_OUTPUT",
            "value": 4,
            "description": "Output is greater than maximum output, but within tolerance"
          },
          {
            "name": "OUTPUT_TOO_LOW",
            "value": 8,
            "description": "Output is too low"
          },
          {
            "name": "OUTPUT_TOO_HIGH",
            "value": 16,
            "description": "Output is too high"
          }
        ]
      }
    ],
    "bands": [
      {
        "name": "B2",
        "description": "Reflectance in band B2",
        "bandWidth": 200,
        "bandHeight": 200,
        "geophysicalUnit": "dl",
        "noDataValue": "0.0",
        "noDataValueUsed": "false",
        "spectralWavelength": "490.0",
        "spectralBandwidth": "65.0",
        "expectedPixels": [
          {
            "x": 10,
            "y": 35,
            "value": 0.0481
          },
          {
            "x": 137,
            "y": 170,
            "value": 0.0717
          }
        ]
      },
      {
        "name": "B3",
        "description": "Reflectance in band B3",
        "bandWidth": 200,
        "bandHeight": 200,
        "geophysicalUnit": "dl",
        "noDataValue": "0.0",
        "noDataValueUsed": "false",
        "spectralWavelength": "560.0",
        "spectralBandwidth": "35.0",
        "expectedPixels": [
          {
            "x": 58,
            "y": 51,
            "value": 0.0993
          },
          {
            "x": 122,
            "y": 73,
            "value": 0.1872
          }
        ]
      },
      {
        "name": "B4",
        "description": "Reflectance in band B4",
        "bandWidth": 200,
        "bandHeight": 200,
        "geophysicalUnit": "dl",
        "noDataValue": "0.0",
        "noDataValueUsed": "false",
        "spectralWavelength": "665.0",
        "spectralBandwidth": "30.0",
        "expectedPixels": [
          {
            "x": 110,
            "y": 149,
            "value": 0.0961
          },
          {
            "x": 121,
            "y": 185,
            "value": 0.1068
          }
        ]
      },
      {
        "name": "B5",
        "description": "Reflectance in band B5",
        "bandWidth": 200,
        "bandHeight": 200,
        "geophysicalUnit": "dl",
        "noDataValue": "0.0",
        "noDataValueUsed": "false",
        "spectralWavelength": "705.0",
        "spectralBandwidth": "15.0",
        "expectedPixels": [
          {
            "x": 31,
            "y": 133,
            "value": 0.1551
          },
          {
            "x": 103,
            "y": 182,
            "value": 0.1874
          }
        ]
      },
      {
        "name": "B6",
        "description": "Reflectance in band B6",
        "bandWidth": 200,
        "bandHeight": 200,
        "geophysicalUnit": "dl",
        "noDataValue": "0.0",
        "noDataValueUsed": "false",
        "spectralWavelength": "740.0",
        "spectralBandwidth": "15.0",
        "expectedPixels": [
          {
            "x": 151,
            "y": 96,
            "value": 0.3096
          },
          {
            "x": 190,
            "y": 97,
            "value": 0.3243
          }
        ]
      },
      {
        "name": "B7",
        "description": "Reflectance in band B7",
        "bandWidth": 200,
        "bandHeight": 200,
        "geophysicalUnit": "dl",
        "noDataValue": "0.0",
        "noDataValueUsed": "false",
        "spectralWavelength": "783.0",
        "spectralBandwidth": "20.0",
        "expectedPixels": [
          {
            "x": 68,
            "y": 179,
            "value": 0.3558
          },
          {
            "x": 1,
            "y": 94,
            "value": 0.3678
          }
        ]
      },
      {
        "name": "B8A",
        "description": "Reflectance in band B8A",
        "bandWidth": 200,
        "bandHeight": 200,
        "geophysicalUnit": "dl",
        "noDataValue": "0.0",
        "noDataValueUsed": "false",
        "spectralWavelength": "865.0",
        "spectralBandwidth": "20.0",
        "expectedPixels": [
          {
            "x": 65,
            "y": 39,
            "value": 0.4177
          },
          {
            "x": 54,
            "y": 8,
            "value": 0.3166
          }
        ]
      },
      {
        "name": "B11",
        "description": "Reflectance in band B11",
        "bandWidth": 200,
        "bandHeight": 200,
        "geophysicalUnit": "dl",
        "noDataValue": "0.0",
        "noDataValueUsed": "false",
        "spectralWavelength": "1610.0",
        "spectralBandwidth": "90.0",
        "expectedPixels": [
          {
            "x": 194,
            "y": 120,
            "value": 0.3806
          },
          {
            "x": 114,
            "y": 143,
            "value": 0.2578
          }
        ]
      },
      {
        "name": "B12",
        "description": "Reflectance in band B12",
        "bandWidth": 200,
        "bandHeight": 200,
        "geophysicalUnit": "dl",
        "noDataValue": "0.0",
        "noDataValueUsed": "false",
        "spectralWavelength": "2190.0",
        "spectralBandwidth": "180.0",
        "expectedPixels": [
          {
            "x": 46,
            "y": 99,
            "value": 0.1372
          },
          {
            "x": 64,
            "y": 144,
            "value": 0.161
          }
        ]
      },
      {
        "name": "view_zenith_mean",
        "description": "Viewing incidence zenith angle",
        "bandWidth": 200,
        "bandHeight": 200,
        "noDataValue": "NaN",
        "noDataValueUsed": "true",
        "spectralWavelength": "0.0",
        "spectralBandwidth": "0.0",
        "expectedPixels": [
          {
            "x": 71,
            "y": 99,
            "value": 9.967423
          },
          {
            "x": 80,
            "y": 88,
            "value": 9.958431
          }
        ]
      },
      {
        "name": "view_azimuth_mean",
        "description": "Viewing incidence azimuth angle",
        "bandWidth": 200,
        "bandHeight": 200,
        "noDataValue": "NaN",
        "noDataValueUsed": "true",
        "spectralWavelength": "0.0",
        "spectralBandwidth": "0.0",
        "expectedPixels": [
          {
            "x": 114,
            "y": 18,
            "value": 96.655525
          },
          {
            "x": 129,
            "y": 3,
                        "value": 96.64865
          }
        ]
      },
      {
        "name": "sun_zenith",
        "description": "Solar zenith angle",
        "bandWidth": 200,
        "bandHeight": 200,
        "noDataValue": "NaN",
        "noDataValueUsed": "true",
        "spectralWavelength": "0.0",
        "spectralBandwidth": "0.0",
        "expectedPixels": [
          {
            "x": 195,
            "y": 73,
            "value": 30.065363
          },
          {
            "x": 190,
            "y": 189,
            "value": 30.046946
          }
        ]
      },
      {
        "name": "sun_azimuth",
        "description": "Solar azimuth angle",
        "bandWidth": 200,
        "bandHeight": 200,
        "noDataValue": "NaN",
        "noDataValueUsed": "true",
        "spectralWavelength": "0.0",
        "spectralBandwidth": "0.0",
        "expectedPixels": [
          {
            "x": 22,
            "y": 90,
            "value": 150.5739
          },
          {
            "x": 114,
            "y": 112,
            "value": 150.61534
          }
        ]
      },
      {
        "name": "NDVI",
        "description": "",
        "bandWidth": 200,
        "bandHeight": 200,
        "noDataValue": "0.0",
        "noDataValueUsed": "true",
        "spectralWavelength": "0.0",
        "spectralBandwidth": "0.0",
        "expectedPixels": [
          {
            "x": 101,
            "y": 104,
            "value": 0.59388375
          },
          {
            "x": 90,
            "y": 116,
            "value": 0.7352941
          }
        ]
      },
      {
        "name": "lai",
        "description": "LAI",
        "bandWidth": 200,
        "bandHeight": 200,
        "noDataValue": "0.0",
        "noDataValueUsed": "false",
        "spectralWavelength": "0.0",
        "spectralBandwidth": "0.0",
        "expectedPixels": [
          {
            "x": 2,
            "y": 84,
            "value": 3.501642
          },
          {
            "x": 14,
            "y": 198,
            "value": 0.675653
          }
        ]
      },
      {
        "name": "lai_flags",
        "description": "",
        "bandWidth": 200,
        "bandHeight": 200,
        "noDataValue": "0.0",
        "noDataValueUsed": "false",
        "spectralWavelength": "0.0",
        "spectralBandwidth": "0.0",
        "expectedPixels": [
          {
            "x": 59,
            "y": 149,
            "value": 1.0
          },
          {
            "x": 160,
            "y": 147,
            "value": 1.0
          }
        ]
      }
    ],
    "masks": [
      {
        "name": "lai_input_out_of_range",
        "type": "org.esa.snap.core.datamodel.Mask$BandMathsType",
        "color": "255,0,0",
        "description": "Input is out of definition domain"
      },
      {
        "name": "lai_output_thresholded_to_min_output",
        "type": "org.esa.snap.core.datamodel.Mask$BandMathsType",
        "color": "0,255,0",
        "description": "Output is lesser than minimum output, but within tolerance"
      },
      {
        "name": "lai_output_thresholded_to_max_output",
        "type": "org.esa.snap.core.datamodel.Mask$BandMathsType",
        "color": "0,0,255",
        "description": "Output is greater than maximum output, but within tolerance"
      },
      {
        "name": "lai_output_too_low",
        "type": "org.esa.snap.core.datamodel.Mask$BandMathsType",
        "color": "255,255,0",
        "description": "Output is too low"
      },
      {
        "name": "lai_output_too_high",
        "type": "org.esa.snap.core.datamodel.Mask$BandMathsType",
        "color": "255,200,0",
        "description": "Output is too high"
      }
    ],
    "metadata": [
      {
        "path": "history/SubsetInfo/SubRegion.y",
        "value": "0"
      },
      {
        "path": "Level-2A_DataStrip_ID/Satellite_Ancillary_Data_Info/Time_Correlation_Data_List/Time_Correlation_Data[1433]/NSM",
        "value": "PROPAGATED"
      },
      {
        "path": "Processing_Graph/node.3/parameters/region",
        "value": "0,0,200,200"
      },
      {
        "path": "Granules/Level-2A_Tile_31UEQ/Geometric_Info/Tile_Geocoding/Geoposition/XDIM",
        "value": "10"
      },
      {
        "path": "Level-2A_User_Product/L2A_Auxiliary_Data_Info/Aux_Data/L2A_GIPP_List/GIPP_FILENAME[2]",
        "value": "S2A_USER_MSI_L2A_TL_SGS__20160710T161148_A005482_T31UEQ_N02.04"
      },
      {
        "path": "Granules/Level-2A_Tile_31UDQ/General_Info/Archiving_Info/ARCHIVING_TIME",
        "value": "2018-07-05T12:12:45Z"
      },
      {
        "path": "history/SubsetInfo/ProductNodeName.9",
        "value": "B4"
      },
      {
        "path": "history/SubsetInfo/ProductNodeName.11",
        "value": "B6"
      },
      {
        "path": "Level-2A_DataStrip_ID/Auxiliary_Data_Info/IERS_Bulletin/POLE_U_ANGLE",
        "value": "0.1702"
      }
    ]
  }
}