{
  "id": "elevationTest",
  "decodeQualification": "INTENDED",
  "expectedContent": {
    "sceneWidth": 10980,
    "sceneHeight": 10980,
    "startTime": "02-OCT-2018 03:45:51.024000",
    "endTime": "02-OCT-2018 03:45:51.024000",
    "geoCoding": {
      "coordinates": [
        {
          "x": 4735.0,
          "y": 5902.0,
          "lat": 12.13040117681352,
          "lon": 98.51575106720787
        },
        {
          "x": 8152.0,
          "y": 7125.0,
          "lat": 12.020172504320414,
          "lon": 98.82985937785175
        }
      ],
      "reverseAccuracy": 1.964508555829525E-10
    },
    "bands": [
      {
        "name": "B1",
        "description": "Reflectance in band B1",
        "bandWidth": 1830,
        "bandHeight": 1830,
        "geophysicalUnit": "dl",
        "noDataValue": "0.0",
        "noDataValueUsed": "false",
        "spectralWavelength": "443.0",
        "spectralBandwidth": "58.0",
        "expectedPixels": [
          {
            "x": 95,
            "y": 326,
            "value": 0.2678
          },
          {
            "x": 1253,
            "y": 1556,
            "value": 0.175
          }
        ]
      },
      {
        "name": "B2",
        "description": "Reflectance in band B2",
        "bandWidth": 10980,
        "bandHeight": 10980,
        "geophysicalUnit": "dl",
        "noDataValue": "0.0",
        "noDataValueUsed": "false",
        "spectralWavelength": "490.0",
        "spectralBandwidth": "130.0",
        "expectedPixels": [
          {
            "x": 3193,
            "y": 2820,
            "value": 0.1747
          },
          {
            "x": 6703,
            "y": 4010,
            "value": 0.2878
          }
        ]
      },
      {
        "name": "B3",
        "description": "Reflectance in band B3",
        "bandWidth": 10980,
        "bandHeight": 10980,
        "geophysicalUnit": "dl",
        "noDataValue": "0.0",
        "noDataValueUsed": "false",
        "spectralWavelength": "560.0",
        "spectralBandwidth": "100.0",
        "expectedPixels": [
          {
            "x": 6039,
            "y": 8183,
            "value": 0.2214
          },
          {
            "x": 6679,
            "y": 10194,
            "value": 0.2237
          }
        ]
      },
      {
        "name": "B4",
        "description": "Reflectance in band B4",
        "bandWidth": 10980,
        "bandHeight": 10980,
        "geophysicalUnit": "dl",
        "noDataValue": "0.0",
        "noDataValueUsed": "false",
        "spectralWavelength": "665.0",
        "spectralBandwidth": "90.0",
        "expectedPixels": [
          {
            "x": 1737,
            "y": 7313,
            "value": 0.4621
          },
          {
            "x": 5700,
            "y": 10030,
            "value": 0.2958
          }
        ]
      },
      {
        "name": "B5",
        "description": "Reflectance in band B5",
        "bandWidth": 5490,
        "bandHeight": 5490,
        "geophysicalUnit": "dl",
        "noDataValue": "0.0",
        "noDataValueUsed": "false",
        "spectralWavelength": "705.0",
        "spectralBandwidth": "97.0",
        "expectedPixels": [
          {
            "x": 4151,
            "y": 2660,
            "value": 0.3031
          },
          {
            "x": 5219,
            "y": 2667,
            "value": 0.4356
          }
        ]
      },
      {
        "name": "B6",
        "description": "Reflectance in band B6",
        "bandWidth": 5490,
        "bandHeight": 5490,
        "geophysicalUnit": "dl",
        "noDataValue": "0.0",
        "noDataValueUsed": "false",
        "spectralWavelength": "740.0",
        "spectralBandwidth": "40.0",
        "expectedPixels": [
          {
            "x": 1868,
            "y": 4937,
            "value": 0.4975
          },
          {
            "x": 54,
            "y": 2584,
            "value": 0.2691
          }
        ]
      },
      {
        "name": "B7",
        "description": "Reflectance in band B7",
        "bandWidth": 5490,
        "bandHeight": 5490,
        "geophysicalUnit": "dl",
        "noDataValue": "0.0",
        "noDataValueUsed": "false",
        "spectralWavelength": "783.0",
        "spectralBandwidth": "71.0",
        "expectedPixels": [
          {
            "x": 1797,
            "y": 1082,
            "value": 0.4059
          },
          {
            "x": 1499,
            "y": 237,
            "value": 0.1845
          }
        ]
      },
      {
        "name": "B8",
        "description": "Reflectance in band B8",
        "bandWidth": 10980,
        "bandHeight": 10980,
        "geophysicalUnit": "dl",
        "noDataValue": "0.0",
        "noDataValueUsed": "false",
        "spectralWavelength": "842.0",
        "spectralBandwidth": "175.0",
        "expectedPixels": [
          {
            "x": 10666,
            "y": 6639,
            "value": 0.3394
          },
          {
            "x": 6284,
            "y": 7870,
            "value": 0.0846
          }
        ]
      },
      {
        "name": "B8A",
        "description": "Reflectance in band B8A",
        "bandWidth": 5490,
        "bandHeight": 5490,
        "geophysicalUnit": "dl",
        "noDataValue": "0.0",
        "noDataValueUsed": "false",
        "spectralWavelength": "865.0",
        "spectralBandwidth": "79.0",
        "expectedPixels": [
          {
            "x": 1273,
            "y": 2731,
            "value": 0.0707
          },
          {
            "x": 1762,
            "y": 3966,
            "value": 0.1422
          }
        ]
      },
      {
        "name": "B9",
        "description": "Reflectance in band B9",
        "bandWidth": 1830,
        "bandHeight": 1830,
        "geophysicalUnit": "dl",
        "noDataValue": "0.0",
        "noDataValueUsed": "false",
        "spectralWavelength": "945.0",
        "spectralBandwidth": "79.0",
        "expectedPixels": [
          {
            "x": 655,
            "y": 911,
            "value": 0.0165
          },
          {
            "x": 737,
            "y": 809,
            "value": 0.063
          }
        ]
      },
      {
        "name": "B10",
        "description": "Reflectance in band B10",
        "bandWidth": 1830,
        "bandHeight": 1830,
        "geophysicalUnit": "dl",
        "noDataValue": "0.0",
        "noDataValueUsed": "false",
        "spectralWavelength": "1375.0",
        "spectralBandwidth": "75.0",
        "expectedPixels": [
          {
            "x": 1051,
            "y": 168,
            "value": 0.0296
          },
          {
            "x": 1180,
            "y": 28,
            "value": 0.0387
          }
        ]
      },
      {
        "name": "B11",
        "description": "Reflectance in band B11",
        "bandWidth": 5490,
        "bandHeight": 5490,
        "geophysicalUnit": "dl",
        "noDataValue": "0.0",
        "noDataValueUsed": "false",
        "spectralWavelength": "1610.0",
        "spectralBandwidth": "172.0",
        "expectedPixels": [
          {
            "x": 5353,
            "y": 2016,
            "value": 0.1303
          },
          {
            "x": 5216,
            "y": 5195,
            "value": 0.1504
          }
        ]
      },
      {
        "name": "B12",
        "description": "Reflectance in band B12",
        "bandWidth": 5490,
        "bandHeight": 5490,
        "geophysicalUnit": "dl",
        "noDataValue": "0.0",
        "noDataValueUsed": "false",
        "spectralWavelength": "2190.0",
        "spectralBandwidth": "276.0",
        "expectedPixels": [
          {
            "x": 608,
            "y": 2480,
            "value": 0.1074
          },
          {
            "x": 3134,
            "y": 3087,
            "value": 0.2847
          }
        ]
      },
      {
        "name": "elevation",
        "description": "SRTM 3Sec",
        "bandWidth": 10980,
        "bandHeight": 10980,
        "geophysicalUnit": "meters",
        "noDataValue": "-32768.0",
        "noDataValueUsed": "true",
        "spectralWavelength": "0.0",
        "spectralBandwidth": "0.0",
        "expectedPixels": [
          {
            "x": 3707,
            "y": 3578,
            "value": "NaN"
          },
          {
            "x": 4104,
            "y": 9401,
            "value": "NaN"
          },
          {
            "x": 4120,
            "y": 9045,
            "value": 80.78466
          }
        ]
      }
    ],
    "metadata": [
      {
        "path": "Granules/Level-1C_Tile_47PMP/General_Info/Archiving_Info/ARCHIVING_TIME",
        "value": "2018-10-02T08:08:16.116474Z"
      },
      {
        "path": "Processing_Graph/node.2/sources/sourceProduct",
        "value": "AddElevation"
      },
      {
        "path": "Processing_Graph/node.1/parameters/elevationBandName",
        "value": "elevation"
      },
      {
        "path": "Level-1C_DataStrip_ID/Satellite_Ancillary_Data_Info/Ephemeris/GPS_Points_List/GPS_Point[671]/VELOCITY_VALUES",
        "value": "1615343 265273 -7373921"
      },
      {
        "path": "Granules/Level-1C_Tile_47PMP/General_Info/Archiving_Info/ARCHIVING_TIME",
        "value": "2018-10-02T08:08:16.116474Z"
      },
      {
        "path": "Level-1C_User_Product/Auxiliary_Data_Info/GIPP_List/GIPP_FILENAME[108]",
        "value": "S2A_OPER_GIP_R2WAFI_MPC__20150605T094742_V20150622T000000_21000101T000000_B03"
      },
      {
        "path": "Level-1C_DataStrip_ID/Image_Data_Info/Tiles_Information/Tile_List/Tile[121]/tileId",
        "value": "S2A_OPER_MSI_L1C_TL_SGS__20181002T073417_A017118_T47QRG_N02.06"
      },
      {
        "path": "Granules/Level-1C_Tile_47PMP/General_Info/Archiving_Info/ARCHIVING_CENTRE",
        "value": "SGS_"
      },
      {
        "path": "Level-1C_DataStrip_ID/Satellite_Ancillary_Data_Info/Time_Correlation_Data_List/Time_Correlation_Data[1318]/NSM",
        "value": "KALMAN_FILTER"
      }
    ]
  }
}
