{
  "id": "S2_preprocessing_reflectance",
  "decodeQualification": "INTENDED",
  "expectedContent": {
    "sceneWidth": 1830,
    "sceneHeight": 1830,
    "startTime": "16-JUN-2025 14:07:29.024000",
    "endTime": "16-JUN-2025 14:07:29.024000",
    "geoCoding": {
      "coordinates": [
        {
          "x": 789.0,
          "y": 983.0,
          "lat": -55.57414165523229,
          "lon": -68.2494990813628
        },
        {
          "x": 1358.0,
          "y": 1187.0,
          "lat": -55.67958652114857,
          "lon": -67.70453453821024
        }
      ],
      "reverseAccuracy": 8.36735125631094E-10
    },
    "tiePointGrids": [
      {
        "name": "aod550",
        "description": "Total Aerosol Optical Depth at 550nm at surface level provided by CAMS",
        "offsetX": "0.08333333333333331",
        "offsetY": "0.08333333333333331",
        "subSamplingX": "203.33333333333331",
        "subSamplingY": "203.33333333333331",
        "expectedPixels": [
          {
            "x": 95,
            "y": 326,
            "value": 0.0090688635
          },
          {
            "x": 1253,
            "y": 1556,
            "value": 0.024855439
          }
        ]
      },
      {
        "name": "z",
        "description": "Geopotential at surface level provided by CAMS",
        "offsetX": "0.08333333333333331",
        "offsetY": "0.08333333333333331",
        "subSamplingX": "203.33333333333331",
        "subSamplingY": "203.33333333333331",
        "expectedPixels": [
          {
            "x": 532,
            "y": 470,
            "value": 1448.4292
          },
          {
            "x": 1117,
            "y": 668,
            "value": 581.124
          }
        ]
      },
      {
        "name": "bcaod550",
        "description": "Black Carbon Aerosol Optical Depth at 550nm at surface level provided by CAMS",
        "offsetX": "0.08333333333333331",
        "offsetY": "0.08333333333333331",
        "subSamplingX": "203.33333333333331",
        "subSamplingY": "203.33333333333331",
        "expectedPixels": [
          {
            "x": 1006,
            "y": 1363,
            "value": 4.339451E-4
          },
          {
            "x": 1113,
            "y": 1699,
            "value": 4.3656264E-4
          }
        ]
      },
      {
        "name": "omaod550",
        "description": "Organic Matter Aerosol Optical Depth at 550nm at surface level provided by CAMS",
        "offsetX": "0.08333333333333331",
        "offsetY": "0.08333333333333331",
        "subSamplingX": "203.33333333333331",
        "subSamplingY": "203.33333333333331",
        "expectedPixels": [
          {
            "x": 289,
            "y": 1218,
            "value": 3.2823032E-4
          },
          {
            "x": 950,
            "y": 1671,
            "value": 3.2356379E-4
          }
        ]
      },
      {
        "name": "ssaod550",
        "description": "Sea Salt Aerosol Optical Depth at 550nm at surface level provided by CAMS",
        "offsetX": "0.08333333333333331",
        "offsetY": "0.08333333333333331",
        "subSamplingX": "203.33333333333331",
        "subSamplingY": "203.33333333333331",
        "expectedPixels": [
          {
            "x": 1383,
            "y": 886,
            "value": 0.00844938
          },
          {
            "x": 1739,
            "y": 889,
            "value": 0.009413933
          }
        ]
      },
      {
        "name": "suaod550",
        "description": "Sulphate Aerosol Optical Depth at 550nm at surface level provided by CAMS",
        "offsetX": "0.08333333333333331",
        "offsetY": "0.08333333333333331",
        "subSamplingX": "203.33333333333331",
        "subSamplingY": "203.33333333333331",
        "expectedPixels": [
          {
            "x": 622,
            "y": 1645,
            "value": 0.0034460803
          },
          {
            "x": 18,
            "y": 861,
            "value": 0.0034339202
          }
        ]
      },
      {
        "name": "aod469",
        "description": "Total Aerosol Optical Depth at 469nm at surface level provided by CAMS",
        "offsetX": "0.08333333333333331",
        "offsetY": "0.08333333333333331",
        "subSamplingX": "203.33333333333331",
        "subSamplingY": "203.33333333333331",
        "expectedPixels": [
          {
            "x": 599,
            "y": 360,
            "value": 0.012069767
          },
          {
            "x": 499,
            "y": 79,
            "value": 0.011020203
          }
        ]
      },
      {
        "name": "aod670",
        "description": "Total Aerosol Optical Depth at 670nm at surface level provided by CAMS",
        "offsetX": "0.08333333333333331",
        "offsetY": "0.08333333333333331",
        "subSamplingX": "203.33333333333331",
        "subSamplingY": "203.33333333333331",
        "expectedPixels": [
          {
            "x": 1777,
            "y": 1106,
            "value": 0.0154221235
          },
          {
            "x": 1047,
            "y": 1311,
            "value": 0.01861779
          }
        ]
      },
      {
        "name": "aod865",
        "description": "Total Aerosol Optical Depth at 865nm at surface level provided by CAMS",
        "offsetX": "0.08333333333333331",
        "offsetY": "0.08333333333333331",
        "subSamplingX": "203.33333333333331",
        "subSamplingY": "203.33333333333331",
        "expectedPixels": [
          {
            "x": 424,
            "y": 910,
            "value": 0.008829157
          },
          {
            "x": 587,
            "y": 1322,
            "value": 0.016287858
          }
        ]
      },
      {
        "name": "aod1240",
        "description": "Total Aerosol Optical Depth at 1240nm at surface level provided by CAMS",
        "offsetX": "0.08333333333333331",
        "offsetY": "0.08333333333333331",
        "subSamplingX": "203.33333333333331",
        "subSamplingY": "203.33333333333331",
        "expectedPixels": [
          {
            "x": 655,
            "y": 911,
            "value": 0.0073128967
          },
          {
            "x": 737,
            "y": 809,
            "value": 0.006453029
          }
        ]
      },
      {
        "name": "tcwv",
        "description": "Total column water vapour at surface level provided by ECMWF",
        "offsetX": "0.08333333333333331",
        "offsetY": "0.08333333333333331",
        "subSamplingX": "203.33333333333331",
        "subSamplingY": "203.33333333333331",
        "expectedPixels": [
          {
            "x": 1051,
            "y": 168,
            "value": 6.5148616
          },
          {
            "x": 1180,
            "y": 28,
            "value": 6.0240326
          }
        ]
      },
      {
        "name": "tco3",
        "description": "Total column ozone at surface level provided by ECMWF",
        "offsetX": "0.08333333333333331",
        "offsetY": "0.08333333333333331",
        "subSamplingX": "203.33333333333331",
        "subSamplingY": "203.33333333333331",
        "expectedPixels": [
          {
            "x": 1784,
            "y": 672,
            "value": 0.006662592
          },
          {
            "x": 1738,
            "y": 1731,
            "value": 0.00663376
          }
        ]
      },
      {
        "name": "msl",
        "description": "Mean sea level pressure at surface level provided by ECMWF",
        "offsetX": "0.08333333333333331",
        "offsetY": "0.08333333333333331",
        "subSamplingX": "203.33333333333331",
        "subSamplingY": "203.33333333333331",
        "expectedPixels": [
          {
            "x": 202,
            "y": 826,
            "value": 100056.72
          },
          {
            "x": 1044,
            "y": 1029,
            "value": 100026.04
          }
        ]
      },
      {
        "name": "r",
        "description": "Relative humidity at surface level provided by ECMWF",
        "offsetX": "0.08333333333333331",
        "offsetY": "0.08333333333333331",
        "subSamplingX": "203.33333333333331",
        "subSamplingY": "203.33333333333331",
        "expectedPixels": [
          {
            "x": 925,
            "y": 954,
            "value": 82.34568
          },
          {
            "x": 824,
            "y": 1063,
            "value": 82.6781
          }
        ]
      },
      {
        "name": "10u",
        "description": "10 metre U wind component at surface level provided by ECMWF",
        "offsetX": "0.08333333333333331",
        "offsetY": "0.08333333333333331",
        "subSamplingX": "203.33333333333331",
        "subSamplingY": "203.33333333333331",
        "expectedPixels": [
          {
            "x": 26,
            "y": 777,
            "value": 2.4968436
          },
          {
            "x": 128,
            "y": 1816,
            "value": 7.4917145
          }
        ]
      },
      {
        "name": "10v",
        "description": "10 metre V wind component at surface level provided by ECMWF",
        "offsetX": "0.08333333333333331",
        "offsetY": "0.08333333333333331",
        "subSamplingX": "203.33333333333331",
        "subSamplingY": "203.33333333333331",
        "expectedPixels": [
          {
            "x": 543,
            "y": 1363,
            "value": -3.1480627
          },
          {
            "x": 1470,
            "y": 1347,
            "value": -0.68433183
          }
        ]
      },
      {
        "name": "aux_latitude",
        "description": "",
        "offsetX": "0.08333333333333331",
        "offsetY": "0.08333333333333331",
        "subSamplingX": "203.33333333333331",
        "subSamplingY": "203.33333333333331",
        "expectedPixels": [
          {
            "x": 1527,
            "y": 1730,
            "value": -56.082127
          },
          {
            "x": 454,
            "y": 973,
            "value": -55.628857
          }
        ]
      },
      {
        "name": "aux_longitude",
        "description": "",
        "offsetX": "0.08333333333333331",
        "offsetY": "0.08333333333333331",
        "subSamplingX": "203.33333333333331",
        "subSamplingY": "203.33333333333331",
        "expectedPixels": [
          {
            "x": 1118,
            "y": 475,
            "value": -67.78922
          },
          {
            "x": 1011,
            "y": 276,
            "value": -67.90506
          }
        ]
      }
    ],
    "bands": [
      {
        "name": "B1",
        "description": "Reflectance in band B1",
        "bandWidth": 1830,
        "bandHeight": 1830,
        "geophysicalUnit": "dl",
        "noDataValue": "-0.1",
        "noDataValueUsed": "false",
        "spectralWavelength": "443.0",
        "spectralBandwidth": "20.0",
        "expectedPixels": [
          {
            "x": 870,
            "y": 1023,
            "value": 0.2521
          },
          {
            "x": 174,
            "y": 1555,
            "value": "NaN"
          }
        ]
      },
      {
        "name": "B2",
        "description": "Reflectance in band B2",
        "bandWidth": 1830,
        "bandHeight": 1830,
        "geophysicalUnit": "dl",
        "noDataValue": "-0.1",
        "noDataValueUsed": "false",
        "spectralWavelength": "490.0",
        "spectralBandwidth": "65.0",
        "expectedPixels": [
          {
            "x": 176,
            "y": 142,
            "value": 0.197
          },
          {
            "x": 832,
            "y": 1237,
            "value": 0.228
          }
        ]
      },
      {
        "name": "B3",
        "description": "Reflectance in band B3",
        "bandWidth": 1830,
        "bandHeight": 1830,
        "geophysicalUnit": "dl",
        "noDataValue": "-0.1",
        "noDataValueUsed": "false",
        "spectralWavelength": "560.0",
        "spectralBandwidth": "35.0",
        "expectedPixels": [
          {
            "x": 851,
            "y": 1638,
            "value": "NaN"
          },
          {
            "x": 1587,
            "y": 1098,
            "value": 0.2678
          }
        ]
      },
      {
        "name": "B4",
        "description": "Reflectance in band B4",
        "bandWidth": 1830,
        "bandHeight": 1830,
        "geophysicalUnit": "dl",
        "noDataValue": "-0.1",
        "noDataValueUsed": "false",
        "spectralWavelength": "665.0",
        "spectralBandwidth": "30.0",
        "expectedPixels": [
          {
            "x": 1760,
            "y": 697,
            "value": 0.0904
          },
          {
            "x": 160,
            "y": 974,
            "value": 0.0821
          }
        ]
      },
      {
        "name": "B5",
        "description": "Reflectance in band B5",
        "bandWidth": 1830,
        "bandHeight": 1830,
        "geophysicalUnit": "dl",
        "noDataValue": "-0.1",
        "noDataValueUsed": "false",
        "spectralWavelength": "705.0",
        "spectralBandwidth": "15.0",
        "expectedPixels": [
          {
            "x": 1345,
            "y": 1088,
            "value": 0.9539
          },
          {
            "x": 1786,
            "y": 340,
            "value": 0.0778
          }
        ]
      },
      {
        "name": "B6",
        "description": "Reflectance in band B6",
        "bandWidth": 1830,
        "bandHeight": 1830,
        "geophysicalUnit": "dl",
        "noDataValue": "-0.1",
        "noDataValueUsed": "false",
        "spectralWavelength": "740.0",
        "spectralBandwidth": "15.0",
        "expectedPixels": [
          {
            "x": 842,
            "y": 477,
            "value": 0.06
          },
          {
            "x": 419,
            "y": 1185,
            "value": "NaN"
          }
        ]
      },
      {
        "name": "B7",
        "description": "Reflectance in band B7",
        "bandWidth": 1830,
        "bandHeight": 1830,
        "geophysicalUnit": "dl",
        "noDataValue": "-0.1",
        "noDataValueUsed": "false",
        "spectralWavelength": "783.0",
        "spectralBandwidth": "20.0",
        "expectedPixels": [
          {
            "x": 1170,
            "y": 800,
            "value": 0.057
          },
          {
            "x": 972,
            "y": 1037,
            "value": 0.0955
          }
        ]
      },
      {
        "name": "B8A",
        "description": "Reflectance in band B8A",
        "bandWidth": 1830,
        "bandHeight": 1830,
        "geophysicalUnit": "dl",
        "noDataValue": "-0.1",
        "noDataValueUsed": "false",
        "spectralWavelength": "865.0",
        "spectralBandwidth": "20.0",
        "expectedPixels": [
          {
            "x": 724,
            "y": 391,
            "value": 0.2361
          },
          {
            "x": 510,
            "y": 1626,
            "value": "NaN"
          }
        ]
      }
    ],
    "metadata": [
      {
        "path": "history/SubsetInfo/ProductNodeName.19",
        "value": "B1"
      },
      {
        "path": "Level-1C_DataStrip_ID/Satellite_Ancillary_Data_Info/Ephemeris/AOCS_Ephemeris_List/AOCS_Ephemeris[107]/VALID_FLAG",
        "value": "true"
      },
      {
        "path": "history/SubsetInfo/ProductNodeName.20",
        "value": "B2"
      },
      {
        "path": "Granules/Level-1C_Tile_19FEU/General_Info/Archiving_Info/ARCHIVING_TIME",
        "value": "2025-06-16T18:55:14.408163Z"
      },
      {
        "path": "Processing_Graph/node.3/sources/sourceProduct",
        "value": "product:Subset_S2B_MSIL1C_20250616T140729_N0511_R024_T19FEU_20250616T184312_resampled"
      },
      {
        "path": "Granules/Level-1C_Tile_19FEU/General_Info/Archiving_Info/ARCHIVING_CENTRE",
        "value": "2BPS"
      },
      {
        "path": "Level-1C_User_Product/Quality_Indicators_Info/Quality_Control_Checks/Quality_Inspections/quality_check[4]",
        "value": "PASSED"
      },
      {
        "path": "history/SubsetInfo/ProductNodeName.13",
        "value": "msl"
      },
      {
        "path": "history/SubsetInfo/SourceProduct.name",
        "value": "S2B_MSIL1C_20250616T140729_N0511_R024_T19FEU_20250616T184312_resampled"
      }
    ]
  }
}