{
  "id" : "s1tbx.polsar.cp.m-delta-rs2",
  "decodeQualification" : "INTENDED",
  "expectedContent" : {
    "sceneWidth" : 2120,
    "sceneHeight" : 7863,
    "geoCoding" : {
      "coordinates" : [ {
        "x" : 200.0,
        "y" : 200.0,
        "lat" : 49.4045710830571,
        "lon" : -123.17752634667174
      } ]
    },
    "tiePointGrids" : [ {
      "name" : "latitude",
      "description" : "",
      "offsetX" : 0.5,
      "offsetY" : 0.5,
      "subSamplingX" : 211.9,
      "subSamplingY" : 524.1333333333333,
      "expectedPixels" : [ {
        "x" : 200.0,
        "y" : 200.0,
        "value" : 49.4045710830571
      } ]
    }, {
      "name" : "longitude",
      "description" : "",
      "offsetX" : 0.5,
      "offsetY" : 0.5,
      "subSamplingX" : 211.9,
      "subSamplingY" : 524.1333333333333,
      "expectedPixels" : [ {
        "x" : 200.0,
        "y" : 200.0,
        "value" : -123.17752634667174
      } ]
    }, {
      "name" : "incident_angle",
      "description" : "",
      "offsetX" : 0.0,
      "offsetY" : 0.0,
      "subSamplingX" : 212.0,
      "subSamplingY" : 786.0,
      "expectedPixels" : [ {
        "x" : 200.0,
        "y" : 200.0,
        "value" : 21.644079208374023
      } ]
    }, {
      "name" : "slant_range_time",
      "description" : "",
      "offsetX" : 0.0,
      "offsetY" : 0.0,
      "subSamplingX" : 212.0,
      "subSamplingY" : 786.0,
      "expectedPixels" : [ {
        "x" : 200.0,
        "y" : 200.0,
        "value" : 5683744.0
      } ]
    } ],
    "bands" : [ {
      "name" : "MDelta_r",
      "description" : "",
      "bandWidth" : 2120,
      "bandHeight" : 7863,
      "noDataValue" : 0.0,
      "noDataValueUsed" : false,
      "spectralWavelength" : 0.0,
      "spectralBandwidth" : 0.0,
      "expectedPixels" : [ {
        "x" : 200.0,
        "y" : 200.0,
        "value" : 47.1427116394043
      } ]
    }, {
      "name" : "MDelta_g",
      "description" : "",
      "bandWidth" : 2120,
      "bandHeight" : 7863,
      "noDataValue" : 0.0,
      "noDataValueUsed" : false,
      "spectralWavelength" : 0.0,
      "spectralBandwidth" : 0.0,
      "expectedPixels" : [ {
        "x" : 200.0,
        "y" : 200.0,
        "value" : 868.9829711914062
      } ]
    }, {
      "name" : "MDelta_b",
      "description" : "",
      "bandWidth" : 2120,
      "bandHeight" : 7863,
      "noDataValue" : 0.0,
      "noDataValueUsed" : false,
      "spectralWavelength" : 0.0,
      "spectralBandwidth" : 0.0,
      "expectedPixels" : [ {
        "x" : 200.0,
        "y" : 200.0,
        "value" : 606.8992309570312
      } ]
    } ],
    "masks" : [ ]
  }
}