{
  "id" : "s1tbx.sentinel1.slc2grd.tops.s1",
  "decodeQualification" : "INTENDED",
  "expectedContent" : {
    "sceneWidth" : 3000,
    "sceneHeight" : 3000,
    "geoCoding" : {
      "coordinates" : [ {
        "x" : 1500.0,
        "y" : 1500.0,
        "lat" : 37.103793318227225,
        "lon" : 14.857178462041048
      } ]
    },
    "tiePointGrids" : [ {
      "name" : "latitude",
      "description" : "",
      "offsetX" : -610.0,
      "offsetY" : -333.60009765625,
      "subSamplingX" : 1390.0,
      "subSamplingY" : 1333.199951171875,
      "expectedPixels" : [ {
        "x" : 1500.0,
        "y" : 1500.0,
        "value" : 37.10387
      } ]
    }, {
      "name" : "longitude",
      "description" : "",
      "offsetX" : -610.0,
      "offsetY" : -333.60009765625,
      "subSamplingX" : 1390.0,
      "subSamplingY" : 1333.199951171875,
      "expectedPixels" : [ {
        "x" : 1500.0,
        "y" : 1500.0,
        "value" : 14.85726547241211
      } ]
    }, {
      "name" : "slant_range_time",
      "description" : "",
      "offsetX" : -610.0,
      "offsetY" : -333.60009765625,
      "subSamplingX" : 1390.0,
      "subSamplingY" : 1333.199951171875,
      "expectedPixels" : [ {
        "x" : 1500.0,
        "y" : 1500.0,
        "value" : 5572287.0
      } ]
    }, {
      "name" : "incident_angle",
      "description" : "",
      "offsetX" : -610.0,
      "offsetY" : -333.60009765625,
      "subSamplingX" : 1390.0,
      "subSamplingY" : 1333.199951171875,
      "expectedPixels" : [ {
        "x" : 1500.0,
        "y" : 1500.0,
        "value" : 34.973243713378906
      } ]
    } ],
    "bands" : [ {
      "name" : "Sigma0_VH",
      "description" : "",
      "bandWidth" : 3000,
      "bandHeight" : 3000,
      "noDataValue" : 0.0,
      "noDataValueUsed" : true,
      "spectralWavelength" : 0.0,
      "spectralBandwidth" : 0.0,
      "expectedPixels" : [ {
        "x" : 1500.0,
        "y" : 1500.0,
        "value" : 0.03550214692950249
      } ]
    } ],
    "masks" : [ ]
  }
}