{
  "id" : "s1tbx.sentinel1.tops.deburst.merge.s1",
  "decodeQualification" : "INTENDED",
  "expectedContent" : {
    "sceneWidth" : 21253,
    "sceneHeight" : 7001,
    "geoCoding" : {
      "coordinates" : [ {
        "x" : 3000.0,
        "y" : 3000.0,
        "lat" : 36.83508228969276,
        "lon" : 14.34460662198317
      } ]
    },
    "tiePointGrids" : [ {
      "name" : "latitude",
      "description" : "",
      "offsetX" : 0.0,
      "offsetY" : 0.0,
      "subSamplingX" : 1062.650024414,
      "subSamplingY" : 700.0999755859,
      "expectedPixels" : [ {
        "x" : 3000.0,
        "y" : 3000.0,
        "value" : 36.835147857666016
      } ]
    }, {
      "name" : "longitude",
      "description" : "",
      "offsetX" : 0.0,
      "offsetY" : 0.0,
      "subSamplingX" : 1062.650024414,
      "subSamplingY" : 700.0999755859,
      "expectedPixels" : [ {
        "x" : 3000.0,
        "y" : 3000.0,
        "value" : 14.344615936279297
      } ]
    }, {
      "name" : "slant_range_time",
      "description" : "",
      "offsetX" : 0.0,
      "offsetY" : 0.0,
      "subSamplingX" : 1062.650024414,
      "subSamplingY" : 700.0999755859,
      "expectedPixels" : [ {
        "x" : 3000.0,
        "y" : 3000.0,
        "value" : 5386462.5
      } ]
    }, {
      "name" : "incident_angle",
      "description" : "",
      "offsetX" : 0.0,
      "offsetY" : 0.0,
      "subSamplingX" : 1062.650024414,
      "subSamplingY" : 700.0999755859,
      "expectedPixels" : [ {
        "x" : 3000.0,
        "y" : 3000.0,
        "value" : 31.600181579589844
      } ]
    } ],
    "bands" : [ 
    {
      "name" : "i_IW1_VV",
      "description" : "",
      "bandWidth" : 21253,
      "bandHeight" : 7001,
      "noDataValue" : 0.0,
      "noDataValueUsed" : true,
      "spectralWavelength" : 0.0,
      "spectralBandwidth" : 0.0,
      "expectedPixels" : [ {
        "x" : 3000.0,
        "y" : 3000.0,
        "value" : -22.0
      } ]
    }, {
      "name" : "q_IW1_VV",
      "description" : "",
      "bandWidth" : 21253,
      "bandHeight" : 7001,
      "noDataValue" : 0.0,
      "noDataValueUsed" : true,
      "spectralWavelength" : 0.0,
      "spectralBandwidth" : 0.0,
      "expectedPixels" : [ {
        "x" : 3000.0,
        "y" : 3000.0,
        "value" : -9.0
      } ]
    }, {
      "name" : "Intensity_IW1_VV",
      "description" : "Intensity from complex data",
      "bandWidth" : 21253,
      "bandHeight" : 7001,
      "noDataValue" : 0.0,
      "noDataValueUsed" : true,
      "spectralWavelength" : 0.0,
      "spectralBandwidth" : 0.0,
      "expectedPixels" : [ {
        "x" : 3000.0,
        "y" : 3000.0,
        "value" : 565.0
      } ]
    } ],
    "masks" : [ ]
  }
}