{
  "id" : "s1tbx.sentinel1.tops.joint.coregistration.s1",
  "decodeQualification" : "INTENDED",
  "expectedContent" : {
    "sceneWidth" : 22198,
    "sceneHeight" : 2996,
    "geoCoding" : {
      "coordinates" : [ {
        "x" : 17377.0,
        "y" : 849.0,
        "lat" : -45.75550176771407,
        "lon" : -67.60939341966927
      } ]
    },
    "tiePointGrids" : [ {
      "name" : "latitude",
      "description" : "",
      "offsetX" : 0.5,
      "offsetY" : -1497.5,
      "subSamplingX" : 1109.9,
      "subSamplingY" : 1498.0,
      "expectedPixels" : [ {
        "x" : 17377.0,
        "y" : 849.0,
        "value" : -45.755550384521484
      } ]
    }, {
      "name" : "longitude",
      "description" : "",
      "offsetX" : 0.5,
      "offsetY" : -1497.5,
      "subSamplingX" : 1109.9,
      "subSamplingY" : 1498.0,
      "expectedPixels" : [ {
        "x" : 17377.0,
        "y" : 849.0,
        "value" : -67.60944366455078
      } ]
    }, {
      "name" : "incident_angle",
      "description" : "",
      "offsetX" : 0.5,
      "offsetY" : -1497.5,
      "subSamplingX" : 1109.9,
      "subSamplingY" : 1498.0,
      "expectedPixels" : [ {
        "x" : 17377.0,
        "y" : 849.0,
        "value" : 34.432106
      } ]
    }, {
      "name" : "elevation_angle",
      "description" : "",
      "offsetX" : 0.5,
      "offsetY" : -1497.5,
      "subSamplingX" : 1109.9,
      "subSamplingY" : 1498.0,
      "expectedPixels" : [ {
        "x" : 17377.0,
        "y" : 849.0,
        "value" : 30.559319
      } ]
    }, {
      "name" : "slant_range_time",
      "description" : "",
      "offsetX" : 0.5,
      "offsetY" : -1497.5,
      "subSamplingX" : 1109.9,
      "subSamplingY" : 1498.0,
      "expectedPixels" : [ {
        "x" : 17377.0,
        "y" : 849.0,
        "value" : 5643067.5
      } ]
    } ],
    "bands" : [ {
      "name" : "i_IW1_VV_mst_04Mar2019",
      "description" : "",
      "bandWidth" : 22198,
      "bandHeight" : 2996,
      "noDataValue" : 0.0,
      "noDataValueUsed" : true,
      "spectralWavelength" : 0.0,
      "spectralBandwidth" : 0.0,
      "expectedPixels" : [
        {
          "x": 17377.0,
          "y": 849.0,
          "value": -33.0
        }
      ]
    }, {
        "name" : "q_IW1_VV_mst_04Mar2019",
        "description" : "",
        "bandWidth" : 22198,
        "bandHeight" : 2996,
        "noDataValue" : 0.0,
        "noDataValueUsed" : true,
        "spectralWavelength" : 0.0,
        "spectralBandwidth" : 0.0,
        "expectedPixels" : [
          {
            "x": 17377.0,
            "y": 849.0,
            "value": -5.0
          }
        ]
    }, {
      "name" : "Intensity_IW1_VV_mst_04Mar2019",
      "description" : "Intensity from complex data",
      "bandWidth" : 22198,
      "bandHeight" : 2996,
      "noDataValue" : 0.0,
      "noDataValueUsed" : true,
      "spectralWavelength" : 0.0,
      "spectralBandwidth" : 0.0,
      "expectedPixels" : [ {
        "x" : 17377.0,
        "y" : 849.0,
        "value" : 1114.0
      } ]
    }, {
      "name" : "i_IW1_VV_slv1_22Jan2020",
      "description" : "",
      "bandWidth" : 22198,
      "bandHeight" : 2996,
      "noDataValue" : 0.0,
      "noDataValueUsed" : false,
      "spectralWavelength" : 0.0,
      "spectralBandwidth" : 0.0,
      "expectedPixels" : [ {
        "x" : 17377.0,
        "y" : 849.0,
        "value" : -43.71289825439453
      } ]
    }, {
      "name" : "q_IW1_VV_slv1_22Jan2020",
      "description" : "",
      "bandWidth" : 22198,
      "bandHeight" : 2996,
      "noDataValue" : 0.0,
      "noDataValueUsed" : false,
      "spectralWavelength" : 0.0,
      "spectralBandwidth" : 0.0,
      "expectedPixels" : [ {
        "x" : 17377.0,
        "y" : 849.0,
        "value" : -27.449262619018555
      } ]
    }, {
      "name" : "Intensity_IW1_VV_slv1_22Jan2020",
      "description" : "Intensity from complex data",
      "bandWidth" : 22198,
      "bandHeight" : 2996,
      "noDataValue" : 0.0,
      "noDataValueUsed" : true,
      "spectralWavelength" : 0.0,
      "spectralBandwidth" : 0.0,
      "expectedPixels" : [ {
        "x" : 17377.0,
        "y" : 849.0,
        "value" : 2664.279541015625
      } ]
    }, {
      "name" : "i_IW1_VV_slv2_15Feb2020",
      "description" : "",
      "bandWidth" : 22198,
      "bandHeight" : 2996,
      "noDataValue" : 0.0,
      "noDataValueUsed" : false,
      "spectralWavelength" : 0.0,
      "spectralBandwidth" : 0.0,
      "expectedPixels" : [
        {
          "x": 17377.0,
          "y": 849.0,
          "value": -31.44478988647461
        }
      ]
    }, {
      "name" : "q_IW1_VV_slv2_15Feb2020",
      "description" : "",
      "bandWidth" : 22198,
      "bandHeight" : 2996,
      "noDataValue" : 0.0,
      "noDataValueUsed" : false,
      "spectralWavelength" : 0.0,
      "spectralBandwidth" : 0.0,
      "expectedPixels" : [
        {
          "x": 17377.0,
          "y": 849.0,
          "value": -47.440425872802734
        }
      ]
    }, {
      "name" : "Intensity_IW1_VV_slv2_15Feb2020",
      "description" : "Intensity from complex data",
      "bandWidth" : 22198,
      "bandHeight" : 2996,
      "noDataValue" : 0.0,
      "noDataValueUsed" : true,
      "spectralWavelength" : 0.0,
      "spectralBandwidth" : 0.0,
      "expectedPixels" : [ {
        "x" : 17377.0,
        "y" : 849.0,
        "value" : 3239.368896484375
      } ]
    } ],
    "masks" : [ ]
  }
}